Component: ARM Compiler 5.06 update 5 (build 528) Tool: armlink [4d35e2]

==============================================================================

Section Cross References

    main.o(i.ConfigHW) refers to mygpio.o(i.GSetPinToOutput) for GSetPinToOutput
    main.o(i.ConfigHW) refers to mygpio.o(i.GSetPinToInput) for GSetPinToInput
    main.o(i.ConfigHW) refers to mygpio.o(i.GSetPinToAnalog) for GSetPinToAnalog
    main.o(i.ConfigHW) refers to mydac.o(i.InitDAC) for InitDAC
    main.o(i.ConfigHW) refers to mydac.o(i.SetDAC1) for SetDAC1
    main.o(i.ConfigHW) refers to myadc051.o(i.ADC051DeInit) for ADC051DeInit
    main.o(i.ConfigHW) refers to myadc051.o(i.ADC051Common) for ADC051Common
    main.o(i.ConfigHW) refers to myadc051.o(i.ADC051StartCal) for ADC051StartCal
    main.o(i.ConfigHW) refers to myadc051.o(i.ADC051SelCh) for ADC051SelCh
    main.o(i.ConfigHW) refers to myadc051.o(i.ADC051Init) for ADC051Init
    main.o(i.ConfigHW) refers to ssec.o(i.InitSSEC) for InitSSEC
    main.o(i.DMA1_Channel1_IRQHandler) refers to main.o(.data) for adcrezflg
    main.o(i.StartIzm) refers to mydma.o(i.StopDMA) for StopDMA
    main.o(i.StartIzm) refers to mydma.o(i.InitDMACh) for InitDMACh
    main.o(i.StartIzm) refers to mydma.o(i.StartDMA) for StartDMA
    main.o(i.StartIzm) refers to main.o(.bss) for adcdat
    main.o(i.StartIzm) refers to main.o(.data) for adcrezflg
    main.o(i.main) refers to ssec.o(i.getssec) for getssec
    main.o(i.main) refers to main.o(i.SysInit) for SysInit
    main.o(i.main) refers to myiwdg.o(i.InitIWDG) for InitIWDG
    main.o(i.main) refers to main.o(i.ConfigHW) for ConfigHW
    main.o(i.main) refers to mysettings.o(i.ReinitFromHardDSt) for ReinitFromHardDSt
    main.o(i.main) refers to mysettings.o(i.CheckSaveHardDSt) for CheckSaveHardDSt
    main.o(i.main) refers to modbus.o(i.InitModBus) for InitModBus
    main.o(i.main) refers to main.o(i.StartIzm) for StartIzm
    main.o(i.main) refers to modbus.o(i.ModBusProc) for ModBusProc
    main.o(i.main) refers to ssec.o(i.zgetssec) for zgetssec
    main.o(i.main) refers to myadc051.o(i.GetUpwr) for GetUpwr
    main.o(i.main) refers to aeabi_sdiv.o(.text) for __aeabi_uidivmod
    main.o(i.main) refers to myadc051.o(i.CalcT) for CalcT
    main.o(i.main) refers to ssec.o(i.tdlt) for tdlt
    main.o(i.main) refers to mygpio.o(i.GGetPin) for GGetPin
    main.o(i.main) refers to mygpio.o(i.GResetPin) for GResetPin
    main.o(i.main) refers to mygpio.o(i.GSetPin) for GSetPin
    main.o(i.main) refers to mysettings.o(.data) for hssavetime
    main.o(i.main) refers to mysettings.o(.ARM.__AT_0x0000F800) for HardDSt
    main.o(i.main) refers to main.o(.data) for adcrezflg
    main.o(i.main) refers to main.o(.bss) for adcdat
    main.o(i.main) refers to modbusparams.o(.bss) for info
    mysettings.o(i.CheckSaveHardDSt) refers to ssec.o(i.tdlt) for tdlt
    mysettings.o(i.CheckSaveHardDSt) refers to mysettings.o(i.SaveCopy) for SaveCopy
    mysettings.o(i.CheckSaveHardDSt) refers to mysettings.o(.data) for hssavetime
    mysettings.o(i.CheckSaveHardDSt) refers to mysettings.o(.ARM.__AT_0x0000FB00) for HDStCRC
    mysettings.o(i.CheckSaveHardDSt) refers to mysettings.o(.ARM.__AT_0x0000F800) for HardDSt
    mysettings.o(i.CheckSaveHardDSt) refers to mysettings.o(.ARM.__AT_0x0000FF00) for HDStCopyCRC
    mysettings.o(i.CheckSaveHardDSt) refers to mysettings.o(.ARM.__AT_0x0000FC00) for HardDStCopy
    mysettings.o(i.ReinitFromHardDSt) refers to modbus.o(i.CalcCRC) for CalcCRC
    mysettings.o(i.ReinitFromHardDSt) refers to ssec.o(i.zgetssec) for zgetssec
    mysettings.o(i.ReinitFromHardDSt) refers to rt_memcpy.o(.text) for __aeabi_memcpy
    mysettings.o(i.ReinitFromHardDSt) refers to mysettings.o(.ARM.__AT_0x0000F800) for HardDSt
    mysettings.o(i.ReinitFromHardDSt) refers to mysettings.o(.ARM.__AT_0x0000FC00) for HardDStCopy
    mysettings.o(i.ReinitFromHardDSt) refers to mysettings.o(.ARM.__AT_0x0000FB00) for HDStCRC
    mysettings.o(i.ReinitFromHardDSt) refers to mysettings.o(.ARM.__AT_0x0000FF00) for HDStCopyCRC
    mysettings.o(i.ReinitFromHardDSt) refers to mysettings.o(.data) for RescueState
    mysettings.o(i.ReinitFromHardDSt) refers to mysettings.o(.constdata) for HardDStMaster
    mysettings.o(i.SaveCopy) refers to modbus.o(i.CalcCRC) for CalcCRC
    mysettings.o(i.SaveCopy) refers to myflash.o(i.FLUnlock) for FLUnlock
    mysettings.o(i.SaveCopy) refers to myflash.o(i.FLWait) for FLWait
    mysettings.o(i.SaveCopy) refers to myflash.o(i.FLErasePage) for FLErasePage
    mysettings.o(i.SaveCopy) refers to myflash.o(i.FLProgramWord) for FLProgramWord
    mysettings.o(i.SaveCopy) refers to myflash.o(i.FLLock) for FLLock
    mysettings.o(i.SaveCopy) refers to mysettings.o(.data) for DSt
    ssec.o(i.InitSSEC) refers to system_f051.o(i.SystemCoreClockUpdate) for SystemCoreClockUpdate
    ssec.o(i.InitSSEC) refers to aeabi_sdiv.o(.text) for __aeabi_uidivmod
    ssec.o(i.InitSSEC) refers to mytimer.o(i.InitTimer) for InitTimer
[...]
    fpuart1_051.o(i.FPU1H_TimerInterrupt) refers to mydma.o(i.InitDMACh) for InitDMACh
    fpuart1_051.o(i.FPU1H_TimerInterrupt) refers to myuart.o(i.USART_EnableIRQ) for USART_EnableIRQ
    fpuart1_051.o(i.FPU1H_TimerInterrupt) refers to mygpio.o(i.GResetPin) for GResetPin
    fpuart1_051.o(i.FPU1H_TimerInterrupt) refers to fpuart1_051.o(.data) for FPU1H_trst
    fpuart1_051.o(i.FPU1H_settoc) refers to fpuart1_051.o(.data) for FPU1H_trst
    fpuart1_051.o(i.InitFPU1) refers to mygpio.o(i.GSetPinToAF) for GSetPinToAF
    fpuart1_051.o(i.InitFPU1) refers to mygpio.o(i.GSetPinToOutput) for GSetPinToOutput
    fpuart1_051.o(i.InitFPU1) refers to myuart.o(i.InitUSART) for InitUSART
    fpuart1_051.o(i.InitFPU1) refers to aeabi_sdiv.o(.text) for __aeabi_uidivmod
    fpuart1_051.o(i.InitFPU1) refers to mydma.o(i.InitDMACh) for InitDMACh
    fpuart1_051.o(i.InitFPU1) refers to fpuart1_051.o(.data) for FPU1H_onebyte
    fpuart1_051.o(i.InitFPU1) refers to fpuart1_051.o(.bss) for FPU1H_buf
    fpuart1_051.o(i.USART1_IRQHandler) refers to myuart.o(i.USART_DisableIRQ) for USART_DisableIRQ
    fpuart1_051.o(i.USART1_IRQHandler) refers to fpuart1_051.o(i.FPU1H_settoc) for FPU1H_settoc
    fpuart1_051.o(i.USART1_IRQHandler) refers to fpuart1_051.o(.data) for FPU1H_onebyte
    fpuart1_051.o(i.get1ByteTimeFPU1) refers to fpuart1_051.o(.data) for FPU1H_onebyte
    fpuart1_051.o(i.getbyteFPU1) refers to mydma.o(i.GetCNDTR) for GetCNDTR
    fpuart1_051.o(i.getbyteFPU1) refers to fpuart1_051.o(.data) for FPU1H_bufpos
    fpuart1_051.o(i.getbyteFPU1) refers to fpuart1_051.o(.bss) for FPU1H_buf
    fpuart1_051.o(i.geterrFPU1) refers to fpuart1_051.o(.data) for FPU1H_errflg
    fpuart1_051.o(i.getsendstateFPU1) refers to fpuart1_051.o(.data) for FPU1H_trst
    fpuart1_051.o(i.gettoFPU1) refers to fpuart1_051.o(.data) for getto
    fpuart1_051.o(i.numbyteFPU1) refers to mydma.o(i.GetCNDTR) for GetCNDTR
    fpuart1_051.o(i.numbyteFPU1) refers to fpuart1_051.o(.data) for FPU1H_bufpos
    fpuart1_051.o(i.sendpkgFPU1) refers to strlen.o(.text) for strlen
    fpuart1_051.o(i.sendpkgFPU1) refers to mygpio.o(i.GSetPin) for GSetPin
    fpuart1_051.o(i.sendpkgFPU1) refers to fpuart1_051.o(i.FPU1H_settoc) for FPU1H_settoc
    fpuart1_051.o(i.sendpkgFPU1) refers to fpuart1_051.o(.data) for FPU1H_trpnt
    myadc051.o(i.CalcT) refers to aeabi_sdiv.o(.text) for __aeabi_uidivmod
    myadc051.o(i.CalcU) refers to myadc051.o(i.GetUpwr) for GetUpwr
    myadc051.o(i.GetUpwr) refers to aeabi_sdiv.o(.text) for __aeabi_uidivmod
    modbus.o(i.AddToTrPkg) refers to modbus.o(.data) for trpkgpos
    modbus.o(i.AddToTrPkg) refers to modbus.o(.bss) for trpkg
    modbus.o(i.GetHoldingRegisters) refers to modbus.o(i.MBFindParam) for MBFindParam
    modbus.o(i.GetInputRegisters) refers to modbus.o(i.GetHoldingRegisters) for GetHoldingRegisters
    modbus.o(i.InitModBus) refers to modbus.o(i.__ARM_common_switch8) for __ARM_common_switch8
    modbus.o(i.InitModBus) refers to fpuart1_051.o(i.InitFPU1) for InitFPU1
    modbus.o(i.InitModBus) refers to modbus.o(i.MB_ResetCnt) for MB_ResetCnt
    modbus.o(i.InitModBus) refers to modbus.o(.data) for gbtimeout
    modbus.o(i.MBFindParam) refers to modbusparams.o(.data) for mbs
    modbus.o(i.MB_Parse) refers to modbus.o(i.CalcCRC) for CalcCRC
    modbus.o(i.MB_Parse) refers to modbus.o(i.GetSWB) for GetSWB
    modbus.o(i.MB_Parse) refers to modbus.o(i.GetHoldingRegisters) for GetHoldingRegisters
    modbus.o(i.MB_Parse) refers to modbus.o(i.GetInputRegisters) for GetInputRegisters
    modbus.o(i.MB_Parse) refers to modbus.o(i.AddToTrPkg) for AddToTrPkg
    modbus.o(i.MB_Parse) refers to modbus.o(i.SetHoldingRegisters) for SetHoldingRegisters
    modbus.o(i.MB_Parse) refers to modbus.o(i.MB_ResetCnt) for MB_ResetCnt
    modbus.o(i.MB_Parse) refers to modbus.o(i.__ARM_common_switch8) for __ARM_common_switch8
    modbus.o(i.MB_Parse) refers to modbus.o(.data) for CNT0B
    modbus.o(i.MB_Parse) refers to modbus.o(.bss) for rdpkg
    modbus.o(i.MB_Parse) refers to modbus.o(.constdata) for SlaveID
    modbus.o(i.MB_ResetCnt) refers to modbus.o(.data) for CNT12
    modbus.o(i.ModBusProc) refers to fpuart1_051.o(i.getbyteFPU1) for getbyteFPU1
    modbus.o(i.ModBusProc) refers to fpuart1_051.o(i.numbyteFPU1) for numbyteFPU1
    modbus.o(i.ModBusProc) refers to fpuart1_051.o(i.geterrFPU1) for geterrFPU1
    modbus.o(i.ModBusProc) refers to modbus.o(i.MB_Parse) for MB_Parse
    modbus.o(i.ModBusProc) refers to fpuart1_051.o(i.sendpkgFPU1) for sendpkgFPU1
    modbus.o(i.ModBusProc) refers to modbus.o(.data) for hsv
    modbus.o(i.ModBusProc) refers to modbus.o(.bss) for rdpkg
    modbus.o(i.SetHoldingRegisters) refers to modbus.o(i.MBFindParam) for MBFindParam
    modbus.o(i.SetHoldingRegisters) refers to modbusparams.o(i.MBCanWrite) for MBCanWrite
    modbus.o(i.SetHoldingRegisters) refers to modbus.o(.data) for hsv
    modbusparams.o(.data) refers to modbusparams.o(.bss) for info
    modbusparams.o(.data) refers to mysettings.o(.data) for DSt
    rt_memcpy.o(.text) refers to rt_memcpy.o(.emb_text) for __aeabi_memcpy4
    __main.o(!!!main) refers to __rtentry.o(.ARM.Collect$$rtentry$$00000000) for __rt_entry
    __rtentry.o(.ARM.Collect$$rtentry$$00000000) refers (Special) to __rtentry2.o(.ARM.Collect$$rtentry$$0000000A) for __rt_entry_li
    __rtentry.o(.ARM.Collect$$rtentry$$00000000) refers (Special) to __rtentry2.o(.ARM.Collect$$rtentry$$0000000D) for __rt_entry_main
    __rtentry.o(.ARM.Collect$$rtentry$$00000000) refers (Special) to __rtentry2.o(.ARM.Collect$$rtentry$$0000000C) for __rt_entry_postli_1
    __rtentry.o(.ARM.Collect$$rtentry$$00000000) refers (Special) to __rtentry2.o(.ARM.Collect$$rtentry$$00000009) for __rt_entry_postsh_1
    __rtentry.o(.ARM.Collect$$rtentry$$00000000) refers (Special) to __rtentry2.o(.ARM.Collect$$rtentry$$00000002) for __rt_entry_presh_1
    __rtentry.o(.ARM.Collect$$rtentry$$00000000) refers (Special) to __rtentry4.o(.ARM.Collect$$rtentry$$00000004) for __rt_entry_sh
    aeabi_idiv0_sigfpe.o(.text) refers to rt_div0.o(.text) for __rt_div0
    __rtentry2.o(.ARM.Collect$$rtentry$$00000008) refers to boardinit2.o(.text) for _platform_post_stackheap_init
    __rtentry2.o(.ARM.Collect$$rtentry$$0000000A) refers to libinit.o(.ARM.Collect$$libinit$$00000000) for __rt_lib_init
    __rtentry2.o(.ARM.Collect$$rtentry$$0000000B) refers to boardinit3.o(.text) for _platform_post_lib_init
    __rtentry2.o(.ARM.Collect$$rtentry$$0000000D) refers to main.o(i.main) for main
    __rtentry2.o(.ARM.Collect$$rtentry$$0000000D) refers to exit.o(.text) for exit
    __rtentry2.o(.ARM.exidx) refers to __rtentry2.o(.ARM.Collect$$rtentry$$00000001) for .ARM.Collect$$rtentry$$00000001
    __rtentry2.o(.ARM.exidx) refers to __rtentry2.o(.ARM.Collect$$rtentry$$00000008) for .ARM.Collect$$rtentry$$00000008
    __rtentry2.o(.ARM.exidx) refers to __rtentry2.o(.ARM.Collect$$rtentry$$0000000A) for .ARM.Collect$$rtentry$$0000000A
    __rtentry2.o(.ARM.exidx) refers to __rtentry2.o(.ARM.Collect$$rtentry$$0000000B) for .ARM.Collect$$rtentry$$0000000B
    __rtentry2.o(.ARM.exidx) refers to __rtentry2.o(.ARM.Collect$$rtentry$$0000000D) for .ARM.Collect$$rtentry$$0000000D
    __rtentry4.o(.ARM.Collect$$rtentry$$00000004) refers to sys_stackheap_outer.o(.text) for __user_setup_stackheap
    __rtentry4.o(.ARM.exidx) refers to __rtentry4.o(.ARM.Collect$$rtentry$$00000004) for .ARM.Collect$$rtentry$$00000004
    rt_div0.o(.text) refers to defsig_fpe_outer.o(.text) for __rt_SIGFPE
    sys_stackheap_outer.o(.text) refers to libspace.o(.text) for __user_perproc_libspace
    sys_stackheap_outer.o(.text) refers to startup_stm32f0xx.o(.text) for __user_initial_stackheap
    sys_stackheap_outer.o(__vectab_stack_and_reset_area) refers to tempstk.o(.text) for __temporary_stack_top
    sys_stackheap_outer.o(__vectab_stack_and_reset_area) refers to __main.o(!!!main) for __main
    exit.o(.text) refers to rtexit.o(.ARM.Collect$$rtexit$$00000000) for __rt_exit
    defsig_fpe_outer.o(.text) refers to defsig_fpe_inner.o(.text) for __rt_SIGFPE_inner
    defsig_fpe_outer.o(.text) refers to defsig_exit.o(.text) for __sig_exit
    defsig_fpe_formal.o(.text) refers to rt_raise.o(.text) for __rt_raise
    libinit.o(.ARM.Collect$$libinit$$00000000) refers (Special) to libinit2.o(.ARM.Collect$$libinit$$0000002E) for __rt_lib_init_alloca_1
    libinit.o(.ARM.Collect$$libinit$$00000000) refers (Special) to libinit2.o(.ARM.Collect$$libinit$$0000002C) for __rt_lib_init_argv_1
    libinit.o(.ARM.Collect$$libinit$$00000000) refers (Special) to libinit2.o(.ARM.Collect$$libinit$$0000001B) for __rt_lib_init_atexit_1
    libinit.o(.ARM.Collect$$libinit$$00000000) refers (Special) to libinit2.o(.ARM.Collect$$libinit$$00000021) for __rt_lib_init_clock_1
    libinit.o(.ARM.Collect$$libinit$$00000000) refers (Special) to libinit2.o(.ARM.Collect$$libinit$$00000032) for __rt_lib_init_cpp_1
    libinit.o(.ARM.Collect$$libinit$$00000000) refers (Special) to libinit2.o(.ARM.Collect$$libinit$$00000030) for __rt_lib_init_exceptions_1
    libinit.o(.ARM.Collect$$libinit$$00000000) refers (Special) to libinit2.o(.ARM.Collect$$libinit$$00000002) for __rt_lib_init_fp_1
    libinit.o(.ARM.Collect$$libinit$$00000000) refers (Special) to libinit2.o(.ARM.Collect$$libinit$$0000001F) for __rt_lib_init_fp_trap_1
    libinit.o(.ARM.Collect$$libinit$$00000000) refers (Special) to libinit2.o(.ARM.Collect$$libinit$$00000023) for __rt_lib_init_getenv_1
    libinit.o(.ARM.Collect$$libinit$$00000000) refers (Special) to libinit2.o(.ARM.Collect$$libinit$$0000000A) for __rt_lib_init_heap_1
    libinit.o(.ARM.Collect$$libinit$$00000000) refers (Special) to libinit2.o(.ARM.Collect$$libinit$$00000011) for __rt_lib_init_lc_collate_1
    libinit.o(.ARM.Collect$$libinit$$00000000) refers (Special) to libinit2.o(.ARM.Collect$$libinit$$00000013) for __rt_lib_init_lc_ctype_1
    libinit.o(.ARM.Collect$$libinit$$00000000) refers (Special) to libinit2.o(.ARM.Collect$$libinit$$00000015) for __rt_lib_init_lc_monetary_1
    libinit.o(.ARM.Collect$$libinit$$00000000) refers (Special) to libinit2.o(.ARM.Collect$$libinit$$00000017) for __rt_lib_init_lc_numeric_1
    libinit.o(.ARM.Collect$$libinit$$00000000) refers (Special) to libinit2.o(.ARM.Collect$$libinit$$00000019) for __rt_lib_init_lc_time_1
    libinit.o(.ARM.Collect$$libinit$$00000000) refers (Special) to libinit2.o(.ARM.Collect$$libinit$$00000004) for __rt_lib_init_preinit_1
    libinit.o(.ARM.Collect$$libinit$$00000000) refers (Special) to libinit2.o(.ARM.Collect$$libinit$$0000000E) for __rt_lib_init_rand_1
    libinit.o(.ARM.Collect$$libinit$$00000000) refers (Special) to libinit2.o(.ARM.Collect$$libinit$$00000033) for __rt_lib_init_return
    libinit.o(.ARM.Collect$$libinit$$00000000) refers (Special) to libinit2.o(.ARM.Collect$$libinit$$0000001D) for __rt_lib_init_signal_1
    libinit.o(.ARM.Collect$$libinit$$00000000) refers (Special) to libinit2.o(.ARM.Collect$$libinit$$00000025) for __rt_lib_init_stdio_1
    libinit.o(.ARM.Collect$$libinit$$00000000) refers (Special) to libinit2.o(.ARM.Collect$$libinit$$0000000C) for __rt_lib_init_user_alloc_1
    libspace.o(.text) refers to libspace.o(.bss) for __libspace_start
    rtexit.o(.ARM.Collect$$rtexit$$00000000) refers (Special) to rtexit2.o(.ARM.Collect$$rtexit$$00000004) for __rt_exit_exit
    rtexit.o(.ARM.Collect$$rtexit$$00000000) refers (Special) to rtexit2.o(.ARM.Collect$$rtexit$$00000003) for __rt_exit_ls
    rtexit.o(.ARM.Collect$$rtexit$$00000000) refers (Special) to rtexit2.o(.ARM.Collect$$rtexit$$00000002) for __rt_exit_prels_1
    rtexit.o(.ARM.exidx) refers (Special) to rtexit2.o(.ARM.Collect$$rtexit$$00000004) for __rt_exit_exit
    rtexit.o(.ARM.exidx) refers (Special) to rtexit2.o(.ARM.Collect$$rtexit$$00000003) for __rt_exit_ls
    rtexit.o(.ARM.exidx) refers (Special) to rtexit2.o(.ARM.Collect$$rtexit$$00000002) for __rt_exit_prels_1
    rtexit.o(.ARM.exidx) refers to rtexit.o(.ARM.Collect$$rtexit$$00000000) for .ARM.Collect$$rtexit$$00000000
    rt_raise.o(.text) refers to __raise.o(.text) for __raise
    rt_raise.o(.text) refers to sys_exit.o(.text) for _sys_exit
    defsig_exit.o(.text) refers to sys_exit.o(.text) for _sys_exit
    defsig_fpe_inner.o(.text) refers to defsig_general.o(.text) for __default_signal_display
    libinit2.o(.ARM.Collect$$libinit$$00000010) refers to libinit2.o(.ARM.Collect$$libinit$$0000000F) for .ARM.Collect$$libinit$$0000000F
    libinit2.o(.ARM.Collect$$libinit$$00000012) refers to libinit2.o(.ARM.Collect$$libinit$$0000000F) for .ARM.Collect$$libinit$$0000000F
    libinit2.o(.ARM.Collect$$libinit$$00000014) refers to libinit2.o(.ARM.Collect$$libinit$$0000000F) for .ARM.Collect$$libinit$$0000000F
    libinit2.o(.ARM.Collect$$libinit$$00000016) refers to libinit2.o(.ARM.Collect$$libinit$$0000000F) for .ARM.Collect$$libinit$$0000000F
    libinit2.o(.ARM.Collect$$libinit$$00000018) refers to libinit2.o(.ARM.Collect$$libinit$$0000000F) for .ARM.Collect$$libinit$$0000000F
    libinit2.o(.ARM.Collect$$libinit$$00000026) refers to argv_veneer.o(.text) for __ARM_argv_veneer
    libinit2.o(.ARM.Collect$$libinit$$00000027) refers to argv_veneer.o(.text) for __ARM_argv_veneer
    sys_exit.o(.text) refers (Special) to use_no_semi.o(.text) for __I$use$semihosting
    sys_exit.o(.text) refers (Special) to indicate_semi.o(.text) for __semihosting_library_function
    rtexit2.o(.ARM.Collect$$rtexit$$00000003) refers to libshutdown.o(.ARM.Collect$$libshutdown$$00000000) for __rt_lib_shutdown
    rtexit2.o(.ARM.Collect$$rtexit$$00000004) refers to sys_exit.o(.text) for _sys_exit
    rtexit2.o(.ARM.exidx) refers to rtexit2.o(.ARM.Collect$$rtexit$$00000001) for .ARM.Collect$$rtexit$$00000001
    rtexit2.o(.ARM.exidx) refers to rtexit2.o(.ARM.Collect$$rtexit$$00000003) for .ARM.Collect$$rtexit$$00000003
    rtexit2.o(.ARM.exidx) refers to rtexit2.o(.ARM.Collect$$rtexit$$00000004) for .ARM.Collect$$rtexit$$00000004
    __raise.o(.text) refers to defsig.o(CL$$defsig) for __default_signal_handler
    defsig_general.o(.text) refers to sys_wrch.o(.text) for _ttywrch
    sys_wrch.o(.text) refers (Special) to use_no_semi.o(.text) for __I$use$semihosting
    sys_wrch.o(.text) refers (Special) to indicate_semi.o(.text) for __semihosting_library_function
    defsig.o(CL$$defsig) refers to defsig_fpe_inner.o(.text) for __rt_SIGFPE_inner
    defsig.o(CL$$defsig) refers to defsig_rtmem_inner.o(.text) for __rt_SIGRTMEM_inner
    _get_argv_nomalloc.o(.text) refers (Special) to hrguard.o(.text) for __heap_region$guard
    _get_argv_nomalloc.o(.text) refers to defsig_rtmem_outer.o(.text) for __rt_SIGRTMEM
    _get_argv_nomalloc.o(.text) refers to sys_command.o(.text) for _sys_command_string
    libshutdown.o(.ARM.Collect$$libshutdown$$00000000) refers (Special) to libshutdown2.o(.ARM.Collect$$libshutdown$$00000002) for __rt_lib_shutdown_cpp_1
    libshutdown.o(.ARM.Collect$$libshutdown$$00000000) refers (Special) to libshutdown2.o(.ARM.Collect$$libshutdown$$00000007) for __rt_lib_shutdown_fp_trap_1
    libshutdown.o(.ARM.Collect$$libshutdown$$00000000) refers (Special) to libshutdown2.o(.ARM.Collect$$libshutdown$$0000000F) for __rt_lib_shutdown_heap_1
    libshutdown.o(.ARM.Collect$$libshutdown$$00000000) refers (Special) to libshutdown2.o(.ARM.Collect$$libshutdown$$00000010) for __rt_lib_shutdown_return
    libshutdown.o(.ARM.Collect$$libshutdown$$00000000) refers (Special) to libshutdown2.o(.ARM.Collect$$libshutdown$$0000000A) for __rt_lib_shutdown_signal_1
    libshutdown.o(.ARM.Collect$$libshutdown$$00000000) refers (Special) to libshutdown2.o(.ARM.Collect$$libshutdown$$00000004) for __rt_lib_shutdown_stdio_1
    libshutdown.o(.ARM.Collect$$libshutdown$$00000000) refers (Special) to libshutdown2.o(.ARM.Collect$$libshutdown$$0000000C) for __rt_lib_shutdown_user_alloc_1
    sys_command.o(.text) refers (Special) to use_no_semi.o(.text) for __I$use$semihosting
    sys_command.o(.text) refers (Special) to indicate_semi.o(.text) for __semihosting_library_function
    defsig_abrt_inner.o(.text) refers to defsig_general.o(.text) for __default_signal_display
    defsig_rtred_inner.o(.text) refers to defsig_general.o(.text) for __default_signal_display
    defsig_rtmem_inner.o(.text) refers to defsig_general.o(.text) for __default_signal_display
    defsig_rtmem_outer.o(.text) refers to defsig_rtmem_inner.o(.text) for __rt_SIGRTMEM_inner
    defsig_rtmem_outer.o(.text) refers to defsig_exit.o(.text) for __sig_exit
    defsig_rtmem_formal.o(.text) refers to rt_raise.o(.text) for __rt_raise
    defsig_stak_inner.o(.text) refers to defsig_general.o(.text) for __default_signal_display
    defsig_pvfn_inner.o(.text) refers to defsig_general.o(.text) for __default_signal_display
    defsig_cppl_inner.o(.text) refers to defsig_general.o(.text) for __default_signal_display
    defsig_segv_inner.o(.text) refers to defsig_general.o(.text) for __default_signal_display
    defsig_other.o(.text) refers to defsig_general.o(.text) for __default_signal_display


==============================================================================

Removing Unused input sections from the image.

    Removing main.o(.rev16_text), (4 bytes).
    Removing main.o(.revsh_text), (4 bytes).
    Removing mysettings.o(.rev16_text), (4 bytes).
    Removing mysettings.o(.revsh_text), (4 bytes).
    Removing ssec.o(.rev16_text), (4 bytes).
    Removing ssec.o(.revsh_text), (4 bytes).
    Removing system_f051.o(.rev16_text), (4 bytes).
    Removing system_f051.o(.revsh_text), (4 bytes).
    Removing mydac.o(.rev16_text), (4 bytes).
    Removing mydac.o(.revsh_text), (4 bytes).
    Removing mydma.o(.rev16_text), (4 bytes).
    Removing mydma.o(.revsh_text), (4 bytes).
    Removing mydma.o(i.CheckDMAIF), (30 bytes).
    Removing myexti.o(.rev16_text), (4 bytes).
    Removing myexti.o(.revsh_text), (4 bytes).
    Removing myexti.o(i.EXTICheckPending), (32 bytes).
    Removing myexti.o(i.EXTIClearPending), (20 bytes).
    Removing myexti.o(i.EXTIDisable), (44 bytes).
    Removing myexti.o(i.EXTIEnableInterrupt), (116 bytes).
    Removing myexti.o(i.EXTIPortConnect), (148 bytes).
    Removing myflash.o(.rev16_text), (4 bytes).
    Removing myflash.o(.revsh_text), (4 bytes).
    Removing myflash.o(i.FLErase_OB), (80 bytes).
    Removing myflash.o(i.FLLock_OB), (20 bytes).
    Removing myflash.o(i.FLOB_Config), (128 bytes).
    Removing myflash.o(i.FLProgramOB), (20 bytes).
    Removing myflash.o(i.FLUnlock_OB), (40 bytes).
    Removing mygpio.o(.rev16_text), (4 bytes).
    Removing mygpio.o(.revsh_text), (4 bytes).
    Removing mygpio.o(i.GOutToPin), (22 bytes).
    Removing mygpio.o(i.GOutToPins), (14 bytes).
    Removing mygpio.o(i.GResetPins), (6 bytes).
    Removing mygpio.o(i.GSetPins), (4 bytes).
    Removing myiwdg.o(.rev16_text), (4 bytes).
    Removing myiwdg.o(.revsh_text), (4 bytes).
    Removing myiwdg.o(i.StartIWDG), (16 bytes).
    Removing mytimer.o(.rev16_text), (4 bytes).
    Removing mytimer.o(.revsh_text), (4 bytes).
    Removing mytimer.o(i.StopTimer), (10 bytes).
    Removing myuart.o(.rev16_text), (4 bytes).
    Removing myuart.o(.revsh_text), (4 bytes).
    Removing myuart.o(i.InitHardDE), (70 bytes).
    Removing fpuart1_051.o(.rev16_text), (4 bytes).
    Removing fpuart1_051.o(.revsh_text), (4 bytes).
    Removing fpuart1_051.o(i.get1ByteTimeFPU1), (12 bytes).
    Removing fpuart1_051.o(i.getsendstateFPU1), (12 bytes).
    Removing fpuart1_051.o(i.gettoFPU1), (12 bytes).
    Removing myadc051.o(.rev16_text), (4 bytes).
    Removing myadc051.o(.revsh_text), (4 bytes).
    Removing myadc051.o(i.ADC051Start), (10 bytes).
    Removing myadc051.o(i.CalcU), (20 bytes).
    Removing modbus.o(.rev16_text), (4 bytes).
    Removing modbus.o(.revsh_text), (4 bytes).
    Removing modbusparams.o(.rev16_text), (4 bytes).
    Removing modbusparams.o(.revsh_text), (4 bytes).

55 unused section(s) (total 1014 bytes) removed from the image.

==============================================================================

Image Symbol Table

    Local Symbols

    Symbol Name                              Value     Ov Type        Size  Object(Section)

    ../clib/../cmprslib/zerorunl2.c          0x00000000   Number         0  __dczerorl2.o ABSOLUTE
    ../clib/angel/boardlib.s                 0x00000000   Number         0  boardshut.o ABSOLUTE
    ../clib/angel/boardlib.s                 0x00000000   Number         0  boardinit1.o ABSOLUTE
    ../clib/angel/boardlib.s                 0x00000000   Number         0  boardinit2.o ABSOLUTE
    ../clib/angel/boardlib.s                 0x00000000   Number         0  boardinit3.o ABSOLUTE
    ../clib/angel/handlers.s                 0x00000000   Number         0  __scatter_zi.o ABSOLUTE
    ../clib/angel/kernel.s                   0x00000000   Number         0  __rtentry4.o ABSOLUTE
    ../clib/angel/kernel.s                   0x00000000   Number         0  __rtentry2.o ABSOLUTE
    ../clib/angel/kernel.s                   0x00000000   Number         0  __rtentry.o ABSOLUTE
    ../clib/angel/kernel.s                   0x00000000   Number         0  rtexit2.o ABSOLUTE
    ../clib/angel/kernel.s                   0x00000000   Number         0  rtexit.o ABSOLUTE
    ../clib/angel/rt.s                       0x00000000   Number         0  rt_div0.o ABSOLUTE
    ../clib/angel/rt.s                       0x00000000   Number         0  aeabi_idiv0_sigfpe.o ABSOLUTE
    ../clib/angel/rt.s                       0x00000000   Number         0  aeabi_idiv0.o ABSOLUTE
    ../clib/angel/rt.s                       0x00000000   Number         0  rt_raise.o ABSOLUTE
    ../clib/angel/scatterp.s                 0x00000000   Number         0  __scatter.o ABSOLUTE
    ../clib/angel/startup.s                  0x00000000   Number         0  __main.o ABSOLUTE
    ../clib/angel/sys.s                      0x00000000   Number         0  sys_stackheap_outer.o ABSOLUTE
    ../clib/angel/sys.s                      0x00000000   Number         0  libspace.o ABSOLUTE
    ../clib/angel/sys.s                      0x00000000   Number         0  tempstk.o ABSOLUTE
    ../clib/angel/sys.s                      0x00000000   Number         0  use_no_semi.o ABSOLUTE
    ../clib/angel/sys.s                      0x00000000   Number         0  indicate_semi.o ABSOLUTE
    ../clib/angel/sysapp.c                   0x00000000   Number         0  sys_exit.o ABSOLUTE
    ../clib/angel/sysapp.c                   0x00000000   Number         0  sys_command.o ABSOLUTE
    ../clib/angel/sysapp.c                   0x00000000   Number         0  sys_wrch.o ABSOLUTE
    ../clib/armsys.c                         0x00000000   Number         0  no_argv.o ABSOLUTE
    ../clib/armsys.c                         0x00000000   Number         0  _get_argv_nomalloc.o ABSOLUTE
    ../clib/armsys.c                         0x00000000   Number         0  argv_veneer.o ABSOLUTE
    ../clib/division.s                       0x00000000   Number         0  aeabi_sdiv_div0.o ABSOLUTE
    ../clib/division.s                       0x00000000   Number         0  aeabi_sdiv.o ABSOLUTE
    ../clib/heapalloc.c                      0x00000000   Number         0  hrguard.o ABSOLUTE
    ../clib/heapaux.c                        0x00000000   Number         0  heapauxi.o ABSOLUTE
    ../clib/libinit.s                        0x00000000   Number         0  libinit2.o ABSOLUTE
    ../clib/libinit.s                        0x00000000   Number         0  libinit.o ABSOLUTE
    ../clib/libinit.s                        0x00000000   Number         0  libshutdown2.o ABSOLUTE
    ../clib/libinit.s                        0x00000000   Number         0  libshutdown.o ABSOLUTE
    ../clib/memcpset.c                       0x00000000   Number         0  rt_memcpy.o ABSOLUTE
    ../clib/memcpset.c                       0x00000000   Number         0  rt_memcpy.o ABSOLUTE
    ../clib/signal.c                         0x00000000   Number         0  __raise.o ABSOLUTE
    ../clib/signal.c                         0x00000000   Number         0  defsig_general.o ABSOLUTE
    ../clib/signal.c                         0x00000000   Number         0  defsig_abrt_inner.o ABSOLUTE
    ../clib/signal.c                         0x00000000   Number         0  defsig_rtred_inner.o ABSOLUTE
    ../clib/signal.c                         0x00000000   Number         0  defsig_rtmem_inner.o ABSOLUTE
    ../clib/signal.c                         0x00000000   Number         0  defsig_other.o ABSOLUTE
    ../clib/signal.c                         0x00000000   Number         0  defsig_rtmem_outer.o ABSOLUTE
    ../clib/signal.c                         0x00000000   Number         0  defsig_segv_inner.o ABSOLUTE
    ../clib/signal.c                         0x00000000   Number         0  defsig_rtmem_formal.o ABSOLUTE
    ../clib/signal.c                         0x00000000   Number         0  defsig_cppl_inner.o ABSOLUTE
    ../clib/signal.c                         0x00000000   Number         0  defsig_pvfn_inner.o ABSOLUTE
    ../clib/signal.c                         0x00000000   Number         0  defsig_stak_inner.o ABSOLUTE
    ../clib/signal.c                         0x00000000   Number         0  defsig_fpe_inner.o ABSOLUTE
    ../clib/signal.c                         0x00000000   Number         0  defsig_exit.o ABSOLUTE
    ../clib/signal.c                         0x00000000   Number         0  defsig_fpe_formal.o ABSOLUTE
    ../clib/signal.c                         0x00000000   Number         0  defsig_fpe_outer.o ABSOLUTE
    ../clib/signal.s                         0x00000000   Number         0  defsig.o ABSOLUTE
    ../clib/stdlib.c                         0x00000000   Number         0  exit.o ABSOLUTE
    ../clib/string.c                         0x00000000   Number         0  strlen.o ABSOLUTE
    ../fplib/cfplib/fpinit.c                 0x00000000   Number         0  fpinit.o ABSOLUTE
    Source\ModBusParams.c                    0x00000000   Number         0  modbusparams.o ABSOLUTE
    Source\ModBus\ModBus.c                   0x00000000   Number         0  modbus.o ABSOLUTE
    Source\MyPeriph\MyEXTI.c                 0x00000000   Number         0  myexti.o ABSOLUTE
    Source\MyPeriph\fpuart1_051.c            0x00000000   Number         0  fpuart1_051.o ABSOLUTE
    Source\MyPeriph\myadc051.c               0x00000000   Number         0  myadc051.o ABSOLUTE
    Source\MyPeriph\mydac.c                  0x00000000   Number         0  mydac.o ABSOLUTE
    Source\MyPeriph\mydma.c                  0x00000000   Number         0  mydma.o ABSOLUTE
    Source\MyPeriph\myflash.c                0x00000000   Number         0  myflash.o ABSOLUTE
    Source\MyPeriph\mygpio.c                 0x00000000   Number         0  mygpio.o ABSOLUTE
    Source\MyPeriph\myiwdg.c                 0x00000000   Number         0  myiwdg.o ABSOLUTE
    Source\MyPeriph\mytimer.c                0x00000000   Number         0  mytimer.o ABSOLUTE
    Source\MyPeriph\myuart.c                 0x00000000   Number         0  myuart.o ABSOLUTE
    Source\\ModBusParams.c                   0x00000000   Number         0  modbusparams.o ABSOLUTE
    Source\\ModBus\\ModBus.c                 0x00000000   Number         0  modbus.o ABSOLUTE
    Source\\MyPeriph\\MyEXTI.c               0x00000000   Number         0  myexti.o ABSOLUTE
    Source\\MyPeriph\\fpuart1_051.c          0x00000000   Number         0  fpuart1_051.o ABSOLUTE
    Source\\MyPeriph\\myadc051.c             0x00000000   Number         0  myadc051.o ABSOLUTE
    Source\\MyPeriph\\mydac.c                0x00000000   Number         0  mydac.o ABSOLUTE
    Source\\MyPeriph\\mydma.c                0x00000000   Number         0  mydma.o ABSOLUTE
    Source\\MyPeriph\\myflash.c              0x00000000   Number         0  myflash.o ABSOLUTE
    Source\\MyPeriph\\mygpio.c               0x00000000   Number         0  mygpio.o ABSOLUTE
    Source\\MyPeriph\\myiwdg.c               0x00000000   Number         0  myiwdg.o ABSOLUTE
    Source\\MyPeriph\\mytimer.c              0x00000000   Number         0  mytimer.o ABSOLUTE
    Source\\MyPeriph\\myuart.c               0x00000000   Number         0  myuart.o ABSOLUTE
    Source\\main.c                           0x00000000   Number         0  main.o ABSOLUTE
    Source\\mysettings.c                     0x00000000   Number         0  mysettings.o ABSOLUTE
    Source\\ssec.c                           0x00000000   Number         0  ssec.o ABSOLUTE
    Source\\system_f051.c                    0x00000000   Number         0  system_f051.o ABSOLUTE
    Source\main.c                            0x00000000   Number         0  main.o ABSOLUTE
    Source\mysettings.c                      0x00000000   Number         0  mysettings.o ABSOLUTE
    Source\ssec.c                            0x00000000   Number         0  ssec.o ABSOLUTE
    Source\startup_stm32f0xx.s               0x00000000   Number         0  startup_stm32f0xx.o ABSOLUTE
    Source\system_f051.c                     0x00000000   Number         0  system_f051.o ABSOLUTE
    dc.s                                     0x00000000   Number         0  dc.o ABSOLUTE
    .ARM.__AT_0x0000F800                     0x0000f800   Section        6  mysettings.o(.ARM.__AT_0x0000F800)
    __tagsym$$used                           0x0000f800   Number         0  mysettings.o(.ARM.__AT_0x0000F800)
    .ARM.__AT_0x0000FB00                     0x0000fb00   Section        2  mysettings.o(.ARM.__AT_0x0000FB00)
    __tagsym$$used                           0x0000fb00   Number         0  mysettings.o(.ARM.__AT_0x0000FB00)
    .ARM.__AT_0x0000FC00                     0x0000fc00   Section        6  mysettings.o(.ARM.__AT_0x0000FC00)
    __tagsym$$used                           0x0000fc00   Number         0  mysettings.o(.ARM.__AT_0x0000FC00)
    .ARM.__AT_0x0000FF00                     0x0000ff00   Section        2  mysettings.o(.ARM.__AT_0x0000FF00)
    __tagsym$$used                           0x0000ff00   Number         0  mysettings.o(.ARM.__AT_0x0000FF00)
    RESET                                    0x08000000   Section      192  startup_stm32f0xx.o(RESET)
    !!!main                                  0x080000c0   Section        8  __main.o(!!!main)
    !!!scatter                               0x080000c8   Section       60  __scatter.o(!!!scatter)
    !!handler_zi                             0x08000104   Section       28  __scatter_zi.o(!!handler_zi)
    .ARM.Collect$$libinit$$00000000          0x08000120   Section        2  libinit.o(.ARM.Collect$$libinit$$00000000)
    .ARM.Collect$$libinit$$00000002          0x08000122   Section        0  libinit2.o(.ARM.Collect$$libinit$$00000002)
    .ARM.Collect$$libinit$$00000004          0x08000122   Section        0  libinit2.o(.ARM.Collect$$libinit$$00000004)
    .ARM.Collect$$libinit$$0000000A          0x08000122   Section        0  libinit2.o(.ARM.Collect$$libinit$$0000000A)
    .ARM.Collect$$libinit$$0000000C          0x08000122   Section        0  libinit2.o(.ARM.Collect$$libinit$$0000000C)
    .ARM.Collect$$libinit$$0000000E          0x08000122   Section        0  libinit2.o(.ARM.Collect$$libinit$$0000000E)
    .ARM.Collect$$libinit$$00000011          0x08000122   Section        0  libinit2.o(.ARM.Collect$$libinit$$00000011)
    .ARM.Collect$$libinit$$00000013          0x08000122   Section        0  libinit2.o(.ARM.Collect$$libinit$$00000013)
    .ARM.Collect$$libinit$$00000015          0x08000122   Section        0  libinit2.o(.ARM.Collect$$libinit$$00000015)
    .ARM.Collect$$libinit$$00000017          0x08000122   Section        0  libinit2.o(.ARM.Collect$$libinit$$00000017)
    .ARM.Collect$$libinit$$00000019          0x08000122   Section        0  libinit2.o(.ARM.Collect$$libinit$$00000019)
    .ARM.Collect$$libinit$$0000001B          0x08000122   Section        0  libinit2.o(.ARM.Collect$$libinit$$0000001B)
    .ARM.Collect$$libinit$$0000001D          0x08000122   Section        0  libinit2.o(.ARM.Collect$$libinit$$0000001D)
    .ARM.Collect$$libinit$$0000001F          0x08000122   Section        0  libinit2.o(.ARM.Collect$$libinit$$0000001F)
    .ARM.Collect$$libinit$$00000021          0x08000122   Section        0  libinit2.o(.ARM.Collect$$libinit$$00000021)
    .ARM.Collect$$libinit$$00000023          0x08000122   Section        0  libinit2.o(.ARM.Collect$$libinit$$00000023)
    .ARM.Collect$$libinit$$00000025          0x08000122   Section        0  libinit2.o(.ARM.Collect$$libinit$$00000025)
    .ARM.Collect$$libinit$$0000002C          0x08000122   Section        0  libinit2.o(.ARM.Collect$$libinit$$0000002C)
    .ARM.Collect$$libinit$$0000002E          0x08000122   Section        0  libinit2.o(.ARM.Collect$$libinit$$0000002E)
    .ARM.Collect$$libinit$$00000030          0x08000122   Section        0  libinit2.o(.ARM.Collect$$libinit$$00000030)
    .ARM.Collect$$libinit$$00000032          0x08000122   Section        0  libinit2.o(.ARM.Collect$$libinit$$00000032)
    .ARM.Collect$$libinit$$00000033          0x08000122   Section        2  libinit2.o(.ARM.Collect$$libinit$$00000033)
    .ARM.Collect$$libshutdown$$00000000      0x08000124   Section        2  libshutdown.o(.ARM.Collect$$libshutdown$$00000000)
    .ARM.Collect$$libshutdown$$00000002      0x08000126   Section        0  libshutdown2.o(.ARM.Collect$$libshutdown$$00000002)
    .ARM.Collect$$libshutdown$$00000004      0x08000126   Section        0  libshutdown2.o(.ARM.Collect$$libshutdown$$00000004)
    .ARM.Collect$$libshutdown$$00000007      0x08000126   Section        0  libshutdown2.o(.ARM.Collect$$libshutdown$$00000007)
    .ARM.Collect$$libshutdown$$0000000A      0x08000126   Section        0  libshutdown2.o(.ARM.Collect$$libshutdown$$0000000A)
    .ARM.Collect$$libshutdown$$0000000C      0x08000126   Section        0  libshutdown2.o(.ARM.Collect$$libshutdown$$0000000C)
    .ARM.Collect$$libshutdown$$0000000F      0x08000126   Section        0  libshutdown2.o(.ARM.Collect$$libshutdown$$0000000F)
    .ARM.Collect$$libshutdown$$00000010      0x08000126   Section        2  libshutdown2.o(.ARM.Collect$$libshutdown$$00000010)
    .ARM.Collect$$rtentry$$00000000          0x08000128   Section        0  __rtentry.o(.ARM.Collect$$rtentry$$00000000)
    .ARM.Collect$$rtentry$$00000002          0x08000128   Section        0  __rtentry2.o(.ARM.Collect$$rtentry$$00000002)
    .ARM.Collect$$rtentry$$00000004          0x08000128   Section        6  __rtentry4.o(.ARM.Collect$$rtentry$$00000004)
    .ARM.Collect$$rtentry$$00000009          0x0800012e   Section        0  __rtentry2.o(.ARM.Collect$$rtentry$$00000009)
    .ARM.Collect$$rtentry$$0000000A          0x0800012e   Section        4  __rtentry2.o(.ARM.Collect$$rtentry$$0000000A)
    .ARM.Collect$$rtentry$$0000000C          0x08000132   Section        0  __rtentry2.o(.ARM.Collect$$rtentry$$0000000C)
    .ARM.Collect$$rtentry$$0000000D          0x08000132   Section        8  __rtentry2.o(.ARM.Collect$$rtentry$$0000000D)
    .ARM.Collect$$rtexit$$00000000           0x0800013a   Section        2  rtexit.o(.ARM.Collect$$rtexit$$00000000)
    .ARM.Collect$$rtexit$$00000002           0x0800013c   Section        0  rtexit2.o(.ARM.Collect$$rtexit$$00000002)
    .ARM.Collect$$rtexit$$00000003           0x0800013c   Section        4  rtexit2.o(.ARM.Collect$$rtexit$$00000003)
    .ARM.Collect$$rtexit$$00000004           0x08000140   Section        6  rtexit2.o(.ARM.Collect$$rtexit$$00000004)
    .emb_text                                0x08000148   Section       56  rt_memcpy.o(.emb_text)
    .text                                    0x08000180   Section       56  startup_stm32f0xx.o(.text)
    .text                                    0x080001b8   Section        0  strlen.o(.text)
    .text                                    0x080001fc   Section        0  rt_memcpy.o(.text)
    .text                                    0x0800027e   Section      346  aeabi_sdiv.o(.text)
    .text                                    0x080003d8   Section        0  heapauxi.o(.text)
    .text                                    0x080003de   Section       62  sys_stackheap_outer.o(.text)
    .text                                    0x0800041c   Section        0  exit.o(.text)
    .text                                    0x0800042c   Section        8  libspace.o(.text)
    .text                                    0x08000434   Section        0  sys_exit.o(.text)
    .text                                    0x08000440   Section        2  use_no_semi.o(.text)
    .text                                    0x08000442   Section        0  indicate_semi.o(.text)
    .text                                    0x08000442   Section        0  __dczerorl2.o(.text)
    i.ADC051Common                           0x08000498   Section        0  myadc051.o(i.ADC051Common)
    i.ADC051DeInit                           0x080004a4   Section        0  myadc051.o(i.ADC051DeInit)
    i.ADC051Init                             0x080004c4   Section        0  myadc051.o(i.ADC051Init)
    i.ADC051SelCh                            0x080004e6   Section        0  myadc051.o(i.ADC051SelCh)
    i.ADC051StartCal                         0x080004ea   Section        0  myadc051.o(i.ADC051StartCal)
    i.AddToTrPkg                             0x08000514   Section        0  modbus.o(i.AddToTrPkg)
    i.CalcCRC                                0x08000540   Section        0  modbus.o(i.CalcCRC)
    i.CalcT                                  0x08000580   Section        0  myadc051.o(i.CalcT)
    i.CheckSaveHardDSt                       0x080005e4   Section        0  mysettings.o(i.CheckSaveHardDSt)
    i.ConfigHW                               0x08000640   Section        0  main.o(i.ConfigHW)
    i.DMA1_Channel1_IRQHandler               0x080007b4   Section        0  main.o(i.DMA1_Channel1_IRQHandler)
    i.FLErasePage                            0x080007cc   Section        0  myflash.o(i.FLErasePage)
    i.FLLock                                 0x08000814   Section        0  myflash.o(i.FLLock)
    i.FLProgramWord                          0x08000828   Section        0  myflash.o(i.FLProgramWord)
    i.FLUnlock                               0x0800086c   Section        0  myflash.o(i.FLUnlock)
    i.FLWait                                 0x08000890   Section        0  myflash.o(i.FLWait)
    i.FPU1H_TimerInterrupt                   0x080008a4   Section        0  fpuart1_051.o(i.FPU1H_TimerInterrupt)
    i.FPU1H_settoc                           0x08000978   Section        0  fpuart1_051.o(i.FPU1H_settoc)
    i.GGetPin                                0x080009a8   Section        0  mygpio.o(i.GGetPin)
    i.GResetPin                              0x080009be   Section        0  mygpio.o(i.GResetPin)
    i.GSetPin                                0x080009c8   Section        0  mygpio.o(i.GSetPin)
    i.GSetPinToAF                            0x080009d0   Section        0  mygpio.o(i.GSetPinToAF)
    i.GSetPinToAnalog                        0x08000aa4   Section        0  mygpio.o(i.GSetPinToAnalog)
    i.GSetPinToInput                         0x08000abc   Section        0  mygpio.o(i.GSetPinToInput)
    i.GSetPinToOutput                        0x08000b48   Section        0  mygpio.o(i.GSetPinToOutput)
    i.GetCNDTR                               0x08000be4   Section        0  mydma.o(i.GetCNDTR)
    i.GetHoldingRegisters                    0x08000bea   Section        0  modbus.o(i.GetHoldingRegisters)
    i.GetInputRegisters                      0x08000c46   Section        0  modbus.o(i.GetInputRegisters)
    i.GetSWB                                 0x08000c52   Section        0  modbus.o(i.GetSWB)
    i.GetUpwr                                0x08000c60   Section        0  myadc051.o(i.GetUpwr)
    i.InitDAC                                0x08000c88   Section        0  mydac.o(i.InitDAC)
    i.InitDMACh                              0x08000c94   Section        0  mydma.o(i.InitDMACh)
    i.InitFPU1                               0x08000ca8   Section        0  fpuart1_051.o(i.InitFPU1)
    i.InitIWDG                               0x08000d88   Section        0  myiwdg.o(i.InitIWDG)
    i.InitModBus                             0x08000db0   Section        0  modbus.o(i.InitModBus)
    i.InitOC                                 0x08000e74   Section        0  mytimer.o(i.InitOC)
    i.InitSSEC                               0x08000ed0   Section        0  ssec.o(i.InitSSEC)
    i.InitTimer                              0x08000f34   Section        0  mytimer.o(i.InitTimer)
    i.InitUSART                              0x08000f4e   Section        0  myuart.o(i.InitUSART)
    i.MBCanWrite                             0x08000fb6   Section        0  modbusparams.o(i.MBCanWrite)
    i.MBFindParam                            0x08000fbc   Section        0  modbus.o(i.MBFindParam)
    i.MB_Parse                               0x0800101c   Section        0  modbus.o(i.MB_Parse)
    i.MB_ResetCnt                            0x08001644   Section        0  modbus.o(i.MB_ResetCnt)
    i.ModBusProc                             0x08001690   Section        0  modbus.o(i.ModBusProc)
    i.ReinitFromHardDSt                      0x08001750   Section        0  mysettings.o(i.ReinitFromHardDSt)
    i.ResetDMAIF                             0x080017f4   Section        0  mydma.o(i.ResetDMAIF)
    i.SaveCopy                               0x08001804   Section        0  mysettings.o(i.SaveCopy)
    i.SetDAC1                                0x08001874   Section        0  mydac.o(i.SetDAC1)
    i.SetHoldingRegisters                    0x08001880   Section        0  modbus.o(i.SetHoldingRegisters)
    i.StartDMA                               0x08001934   Section        0  mydma.o(i.StartDMA)
    i.StartIzm                               0x08001940   Section        0  main.o(i.StartIzm)
    i.StartTimer                             0x0800199c   Section        0  mytimer.o(i.StartTimer)
    i.StopDMA                                0x080019a6   Section        0  mydma.o(i.StopDMA)
    i.SysInit                                0x080019b0   Section        0  main.o(i.SysInit)
    i.SystemCoreClockUpdate                  0x08001a4c   Section        0  system_f051.o(i.SystemCoreClockUpdate)
    i.SystemInit                             0x08001afc   Section        0  system_f051.o(i.SystemInit)
    i.TIM3_IRQHandler                        0x08001b70   Section        0  ssec.o(i.TIM3_IRQHandler)
    i.USART1_IRQHandler                      0x08001bbc   Section        0  fpuart1_051.o(i.USART1_IRQHandler)
    i.USART_DisableIRQ                       0x08001c10   Section        0  myuart.o(i.USART_DisableIRQ)
    i.USART_EnableIRQ                        0x08001c1e   Section        0  myuart.o(i.USART_EnableIRQ)
    i.__ARM_common_switch8                   0x08001c2c   Section        0  modbus.o(i.__ARM_common_switch8)
    i.getbyteFPU1                            0x08001c48   Section        0  fpuart1_051.o(i.getbyteFPU1)
    i.geterrFPU1                             0x08001c8c   Section        0  fpuart1_051.o(i.geterrFPU1)
    i.getssec                                0x08001cac   Section        0  ssec.o(i.getssec)
    i.main                                   0x08001cb8   Section        0  main.o(i.main)
    i.numbyteFPU1                            0x08001fe0   Section        0  fpuart1_051.o(i.numbyteFPU1)
    i.sendpkgFPU1                            0x08002020   Section        0  fpuart1_051.o(i.sendpkgFPU1)
    i.tdlt                                   0x08002084   Section        0  ssec.o(i.tdlt)
    i.zgetssec                               0x08002094   Section        0  ssec.o(i.zgetssec)
    .constdata                               0x080020a4   Section        6  mysettings.o(.constdata)
    .constdata                               0x080020aa   Section       16  system_f051.o(.constdata)
    .constdata                               0x080020ba   Section       16  modbus.o(.constdata)
    .data                                    0x20000000   Section        1  main.o(.data)
    .data                                    0x20000004   Section       14  mysettings.o(.data)
    .data                                    0x20000014   Section        8  ssec.o(.data)
    .data                                    0x2000001c   Section        4  system_f051.o(.data)
    .data                                    0x20000020   Section       18  fpuart1_051.o(.data)
    .data                                    0x20000034   Section       31  modbus.o(.data)
    .data                                    0x20000054   Section      228  modbusparams.o(.data)
    .bss                                     0x20000138   Section       20  main.o(.bss)
    .bss                                     0x2000014c   Section      128  fpuart1_051.o(.bss)
    .bss                                     0x200001cc   Section      514  modbus.o(.bss)
    .bss                                     0x200003ce   Section       30  modbusparams.o(.bss)
    .bss                                     0x200003ec   Section       96  libspace.o(.bss)
    HEAP                                     0x20000450   Section      512  startup_stm32f0xx.o(HEAP)
    Heap_Mem                                 0x20000450   Data         512  startup_stm32f0xx.o(HEAP)
    STACK                                    0x20000650   Section     1536  startup_stm32f0xx.o(STACK)
    Stack_Mem                                0x20000650   Data        1536  startup_stm32f0xx.o(STACK)
    __initial_sp                             0x20000c50   Data           0  startup_stm32f0xx.o(STACK)

    Global Symbols

    Symbol Name                              Value     Ov Type        Size  Object(Section)

    BuildAttributes$$THM_ISAv3M$S$PE$A:L22$X:L11$S22$IEEE1$IW$USESV6$~STKCKD$USESV7$~SHL$OSPACE$ROPI$EBA8$UX$STANDARDLIB$REQ8$PRES8$EABIv2 0x00000000   Number         0  anon$$obj.o ABSOLUTE
    __ARM_use_no_argv                        0x00000000   Number         0  main.o ABSOLUTE
    __ARM_exceptions_init                     - Undefined Weak Reference
    __alloca_initialize                       - Undefined Weak Reference
    __arm_preinit_                            - Undefined Weak Reference
    __cpp_initialize__aeabi_                  - Undefined Weak Reference
    __cxa_finalize                            - Undefined Weak Reference
    __rt_locale                               - Undefined Weak Reference
    __sigvec_lookup                           - Undefined Weak Reference
    _atexit_init                              - Undefined Weak Reference
    _call_atexit_fns                          - Undefined Weak Reference
    _clock_init                               - Undefined Weak Reference
    _fp_trap_init                             - Undefined Weak Reference
    _fp_trap_shutdown                         - Undefined Weak Reference
    _get_lc_collate                           - Undefined Weak Reference
    _get_lc_ctype                             - Undefined Weak Reference
    _get_lc_monetary                          - Undefined Weak Reference
    _get_lc_numeric                           - Undefined Weak Reference
    _get_lc_time                              - Undefined Weak Reference
    _getenv_init                              - Undefined Weak Reference
    _handle_redirection                       - Undefined Weak Reference
    _init_alloc                               - Undefined Weak Reference
    _init_user_alloc                          - Undefined Weak Reference
    _initio                                   - Undefined Weak Reference
    _rand_init                                - Undefined Weak Reference
    _signal_finish                            - Undefined Weak Reference
    _signal_init                              - Undefined Weak Reference
    _terminate_alloc                          - Undefined Weak Reference
    _terminate_user_alloc                     - Undefined Weak Reference
    _terminateio                              - Undefined Weak Reference
    __Vectors_Size                           0x000000c0   Number         0  startup_stm32f0xx.o ABSOLUTE
    HardDSt                                  0x0000f800   Data           6  mysettings.o(.ARM.__AT_0x0000F800)
    HDStCRC                                  0x0000fb00   Data           2  mysettings.o(.ARM.__AT_0x0000FB00)
    HardDStCopy                              0x0000fc00   Data           6  mysettings.o(.ARM.__AT_0x0000FC00)
    HDStCopyCRC                              0x0000ff00   Data           2  mysettings.o(.ARM.__AT_0x0000FF00)
    __Vectors                                0x08000000   Data           4  startup_stm32f0xx.o(RESET)
    __Vectors_End                            0x080000c0   Data           0  startup_stm32f0xx.o(RESET)
    __main                                   0x080000c1   Thumb Code     8  __main.o(!!!main)
    __scatterload                            0x080000c9   Thumb Code     0  __scatter.o(!!!scatter)
    __scatterload_rt2                        0x080000c9   Thumb Code    52  __scatter.o(!!!scatter)
    __scatterload_rt2_thumb_only             0x080000c9   Thumb Code     0  __scatter.o(!!!scatter)
    __scatterload_null                       0x080000d9   Thumb Code     0  __scatter.o(!!!scatter)
    __scatterload_zeroinit                   0x08000105   Thumb Code    28  __scatter_zi.o(!!handler_zi)
    __rt_lib_init                            0x08000121   Thumb Code     0  libinit.o(.ARM.Collect$$libinit$$00000000)
    __rt_lib_init_alloca_1                   0x08000123   Thumb Code     0  libinit2.o(.ARM.Collect$$libinit$$0000002E)
    __rt_lib_init_argv_1                     0x08000123   Thumb Code     0  libinit2.o(.ARM.Collect$$libinit$$0000002C)
    __rt_lib_init_atexit_1                   0x08000123   Thumb Code     0  libinit2.o(.ARM.Collect$$libinit$$0000001B)
    __rt_lib_init_clock_1                    0x08000123   Thumb Code     0  libinit2.o(.ARM.Collect$$libinit$$00000021)
    __rt_lib_init_cpp_1                      0x08000123   Thumb Code     0  libinit2.o(.ARM.Collect$$libinit$$00000032)
    __rt_lib_init_exceptions_1               0x08000123   Thumb Code     0  libinit2.o(.ARM.Collect$$libinit$$00000030)
    __rt_lib_init_fp_1                       0x08000123   Thumb Code     0  libinit2.o(.ARM.Collect$$libinit$$00000002)
    __rt_lib_init_fp_trap_1                  0x08000123   Thumb Code     0  libinit2.o(.ARM.Collect$$libinit$$0000001F)
    __rt_lib_init_getenv_1                   0x08000123   Thumb Code     0  libinit2.o(.ARM.Collect$$libinit$$00000023)
    __rt_lib_init_heap_1                     0x08000123   Thumb Code     0  libinit2.o(.ARM.Collect$$libinit$$0000000A)
    __rt_lib_init_lc_collate_1               0x08000123   Thumb Code     0  libinit2.o(.ARM.Collect$$libinit$$00000011)
    __rt_lib_init_lc_ctype_1                 0x08000123   Thumb Code     0  libinit2.o(.ARM.Collect$$libinit$$00000013)
    __rt_lib_init_lc_monetary_1              0x08000123   Thumb Code     0  libinit2.o(.ARM.Collect$$libinit$$00000015)
    __rt_lib_init_lc_numeric_1               0x08000123   Thumb Code     0  libinit2.o(.ARM.Collect$$libinit$$00000017)
    __rt_lib_init_lc_time_1                  0x08000123   Thumb Code     0  libinit2.o(.ARM.Collect$$libinit$$00000019)
    __rt_lib_init_preinit_1                  0x08000123   Thumb Code     0  libinit2.o(.ARM.Collect$$libinit$$00000004)
    __rt_lib_init_rand_1                     0x08000123   Thumb Code     0  libinit2.o(.ARM.Collect$$libinit$$0000000E)
    __rt_lib_init_return                     0x08000123   Thumb Code     0  libinit2.o(.ARM.Collect$$libinit$$00000033)
    __rt_lib_init_signal_1                   0x08000123   Thumb Code     0  libinit2.o(.ARM.Collect$$libinit$$0000001D)
    __rt_lib_init_stdio_1                    0x08000123   Thumb Code     0  libinit2.o(.ARM.Collect$$libinit$$00000025)
    __rt_lib_init_user_alloc_1               0x08000123   Thumb Code     0  libinit2.o(.ARM.Collect$$libinit$$0000000C)
    __rt_lib_shutdown                        0x08000125   Thumb Code     0  libshutdown.o(.ARM.Collect$$libshutdown$$00000000)
    __rt_lib_shutdown_cpp_1                  0x08000127   Thumb Code     0  libshutdown2.o(.ARM.Collect$$libshutdown$$00000002)
    __rt_lib_shutdown_fp_trap_1              0x08000127   Thumb Code     0  libshutdown2.o(.ARM.Collect$$libshutdown$$00000007)
    __rt_lib_shutdown_heap_1                 0x08000127   Thumb Code     0  libshutdown2.o(.ARM.Collect$$libshutdown$$0000000F)
    __rt_lib_shutdown_return                 0x08000127   Thumb Code     0  libshutdown2.o(.ARM.Collect$$libshutdown$$00000010)
    __rt_lib_shutdown_signal_1               0x08000127   Thumb Code     0  libshutdown2.o(.ARM.Collect$$libshutdown$$0000000A)
    __rt_lib_shutdown_stdio_1                0x08000127   Thumb Code     0  libshutdown2.o(.ARM.Collect$$libshutdown$$00000004)
    __rt_lib_shutdown_user_alloc_1           0x08000127   Thumb Code     0  libshutdown2.o(.ARM.Collect$$libshutdown$$0000000C)
    __rt_entry                               0x08000129   Thumb Code     0  __rtentry.o(.ARM.Collect$$rtentry$$00000000)
    __rt_entry_presh_1                       0x08000129   Thumb Code     0  __rtentry2.o(.ARM.Collect$$rtentry$$00000002)
    __rt_entry_sh                            0x08000129   Thumb Code     0  __rtentry4.o(.ARM.Collect$$rtentry$$00000004)
    __rt_entry_li                            0x0800012f   Thumb Code     0  __rtentry2.o(.ARM.Collect$$rtentry$$0000000A)
    __rt_entry_postsh_1                      0x0800012f   Thumb Code     0  __rtentry2.o(.ARM.Collect$$rtentry$$00000009)
    __rt_entry_main                          0x08000133   Thumb Code     0  __rtentry2.o(.ARM.Collect$$rtentry$$0000000D)
    __rt_entry_postli_1                      0x08000133   Thumb Code     0  __rtentry2.o(.ARM.Collect$$rtentry$$0000000C)
    __rt_exit                                0x0800013b   Thumb Code     0  rtexit.o(.ARM.Collect$$rtexit$$00000000)
    __rt_exit_ls                             0x0800013d   Thumb Code     0  rtexit2.o(.ARM.Collect$$rtexit$$00000003)
    __rt_exit_prels_1                        0x0800013d   Thumb Code     0  rtexit2.o(.ARM.Collect$$rtexit$$00000002)
    __rt_exit_exit                           0x08000141   Thumb Code     0  rtexit2.o(.ARM.Collect$$rtexit$$00000004)
    __aeabi_memcpy4                          0x08000149   Thumb Code    56  rt_memcpy.o(.emb_text)
    __aeabi_memcpy8                          0x08000149   Thumb Code     0  rt_memcpy.o(.emb_text)
    Reset_Handler                            0x08000181   Thumb Code     8  startup_stm32f0xx.o(.text)
    NMI_Handler                              0x08000189   Thumb Code     2  startup_stm32f0xx.o(.text)
    HardFault_Handler                        0x0800018b   Thumb Code     2  startup_stm32f0xx.o(.text)
    SVC_Handler                              0x0800018d   Thumb Code     2  startup_stm32f0xx.o(.text)
    PendSV_Handler                           0x0800018f   Thumb Code     2  startup_stm32f0xx.o(.text)
    SysTick_Handler                          0x08000191   Thumb Code     2  startup_stm32f0xx.o(.text)
    ADC1_COMP_IRQHandler                     0x08000193   Thumb Code     0  startup_stm32f0xx.o(.text)
    CEC_IRQHandler                           0x08000193   Thumb Code     0  startup_stm32f0xx.o(.text)
    DMA1_Channel2_3_IRQHandler               0x08000193   Thumb Code     0  startup_stm32f0xx.o(.text)
    DMA1_Channel4_5_IRQHandler               0x08000193   Thumb Code     0  startup_stm32f0xx.o(.text)
    EXTI0_1_IRQHandler                       0x08000193   Thumb Code     0  startup_stm32f0xx.o(.text)
    EXTI2_3_IRQHandler                       0x08000193   Thumb Code     0  startup_stm32f0xx.o(.text)
    EXTI4_15_IRQHandler                      0x08000193   Thumb Code     0  startup_stm32f0xx.o(.text)
    FLASH_IRQHandler                         0x08000193   Thumb Code     0  startup_stm32f0xx.o(.text)
    I2C1_IRQHandler                          0x08000193   Thumb Code     0  startup_stm32f0xx.o(.text)
    I2C2_IRQHandler                          0x08000193   Thumb Code     0  startup_stm32f0xx.o(.text)
    PVD_IRQHandler                           0x08000193   Thumb Code     0  startup_stm32f0xx.o(.text)
    RCC_IRQHandler                           0x08000193   Thumb Code     0  startup_stm32f0xx.o(.text)
    RTC_IRQHandler                           0x08000193   Thumb Code     0  startup_stm32f0xx.o(.text)
    SPI1_IRQHandler                          0x08000193   Thumb Code     0  startup_stm32f0xx.o(.text)
    SPI2_IRQHandler                          0x08000193   Thumb Code     0  startup_stm32f0xx.o(.text)
    TIM14_IRQHandler                         0x08000193   Thumb Code     0  startup_stm32f0xx.o(.text)
    TIM15_IRQHandler                         0x08000193   Thumb Code     0  startup_stm32f0xx.o(.text)
    TIM16_IRQHandler                         0x08000193   Thumb Code     0  startup_stm32f0xx.o(.text)
    TIM17_IRQHandler                         0x08000193   Thumb Code     0  startup_stm32f0xx.o(.text)
    TIM1_BRK_UP_TRG_COM_IRQHandler           0x08000193   Thumb Code     0  startup_stm32f0xx.o(.text)
    TIM1_CC_IRQHandler                       0x08000193   Thumb Code     0  startup_stm32f0xx.o(.text)
    TIM2_IRQHandler                          0x08000193   Thumb Code     0  startup_stm32f0xx.o(.text)
    TIM6_DAC_IRQHandler                      0x08000193   Thumb Code     0  startup_stm32f0xx.o(.text)
    TS_IRQHandler                            0x08000193   Thumb Code     0  startup_stm32f0xx.o(.text)
    USART2_IRQHandler                        0x08000193   Thumb Code     0  startup_stm32f0xx.o(.text)
    WWDG_IRQHandler                          0x08000193   Thumb Code     0  startup_stm32f0xx.o(.text)
    __user_initial_stackheap                 0x08000195   Thumb Code     0  startup_stm32f0xx.o(.text)
    strlen                                   0x080001b9   Thumb Code    62  strlen.o(.text)
    __aeabi_memcpy                           0x080001fd   Thumb Code   130  rt_memcpy.o(.text)
    __rt_memcpy                              0x080001fd   Thumb Code     0  rt_memcpy.o(.text)
    __aeabi_uidiv                            0x0800027f   Thumb Code     0  aeabi_sdiv.o(.text)
    __aeabi_uidivmod                         0x0800027f   Thumb Code    20  aeabi_sdiv.o(.text)
    __aeabi_idiv                             0x08000293   Thumb Code     0  aeabi_sdiv.o(.text)
    __aeabi_idivmod                          0x08000293   Thumb Code   326  aeabi_sdiv.o(.text)
    __use_two_region_memory                  0x080003d9   Thumb Code     2  heapauxi.o(.text)
    __rt_heap_escrow$2region                 0x080003db   Thumb Code     2  heapauxi.o(.text)
    __rt_heap_expand$2region                 0x080003dd   Thumb Code     2  heapauxi.o(.text)
    __user_setup_stackheap                   0x080003df   Thumb Code    62  sys_stackheap_outer.o(.text)
    exit                                     0x0800041d   Thumb Code    16  exit.o(.text)
    __user_libspace                          0x0800042d   Thumb Code     8  libspace.o(.text)
    __user_perproc_libspace                  0x0800042d   Thumb Code     0  libspace.o(.text)
    __user_perthread_libspace                0x0800042d   Thumb Code     0  libspace.o(.text)
    _sys_exit                                0x08000435   Thumb Code     8  sys_exit.o(.text)
    __I$use$semihosting                      0x08000441   Thumb Code     0  use_no_semi.o(.text)
    __use_no_semihosting_swi                 0x08000441   Thumb Code     2  use_no_semi.o(.text)
    __decompress                             0x08000443   Thumb Code     0  __dczerorl2.o(.text)
    __decompress1                            0x08000443   Thumb Code    86  __dczerorl2.o(.text)
    __semihosting_library_function           0x08000443   Thumb Code     0  indicate_semi.o(.text)
    ADC051Common                             0x08000499   Thumb Code     6  myadc051.o(i.ADC051Common)
    ADC051DeInit                             0x080004a5   Thumb Code    28  myadc051.o(i.ADC051DeInit)
    ADC051Init                               0x080004c5   Thumb Code    34  myadc051.o(i.ADC051Init)
    ADC051SelCh                              0x080004e7   Thumb Code     4  myadc051.o(i.ADC051SelCh)
    ADC051StartCal                           0x080004eb   Thumb Code    42  myadc051.o(i.ADC051StartCal)
    AddToTrPkg                               0x08000515   Thumb Code    36  modbus.o(i.AddToTrPkg)
    CalcCRC                                  0x08000541   Thumb Code    56  modbus.o(i.CalcCRC)
    CalcT                                    0x08000581   Thumb Code    94  myadc051.o(i.CalcT)
    CheckSaveHardDSt                         0x080005e5   Thumb Code    70  mysettings.o(i.CheckSaveHardDSt)
    ConfigHW                                 0x08000641   Thumb Code   342  main.o(i.ConfigHW)
    DMA1_Channel1_IRQHandler                 0x080007b5   Thumb Code    14  main.o(i.DMA1_Channel1_IRQHandler)
    FLErasePage                              0x080007cd   Thumb Code    64  myflash.o(i.FLErasePage)
    FLLock                                   0x08000815   Thumb Code    14  myflash.o(i.FLLock)
    FLProgramWord                            0x08000829   Thumb Code    60  myflash.o(i.FLProgramWord)
    FLUnlock                                 0x0800086d   Thumb Code    24  myflash.o(i.FLUnlock)
    FLWait                                   0x08000891   Thumb Code    16  myflash.o(i.FLWait)
    FPU1H_TimerInterrupt                     0x080008a5   Thumb Code   178  fpuart1_051.o(i.FPU1H_TimerInterrupt)
    FPU1H_settoc                             0x08000979   Thumb Code    40  fpuart1_051.o(i.FPU1H_settoc)
    GGetPin                                  0x080009a9   Thumb Code    22  mygpio.o(i.GGetPin)
    GResetPin                                0x080009bf   Thumb Code    10  mygpio.o(i.GResetPin)
    GSetPin                                  0x080009c9   Thumb Code     8  mygpio.o(i.GSetPin)
    GSetPinToAF                              0x080009d1   Thumb Code   206  mygpio.o(i.GSetPinToAF)
    GSetPinToAnalog                          0x08000aa5   Thumb Code    24  mygpio.o(i.GSetPinToAnalog)
    GSetPinToInput                           0x08000abd   Thumb Code   134  mygpio.o(i.GSetPinToInput)
    GSetPinToOutput                          0x08000b49   Thumb Code   152  mygpio.o(i.GSetPinToOutput)
    GetCNDTR                                 0x08000be5   Thumb Code     6  mydma.o(i.GetCNDTR)
    GetHoldingRegisters                      0x08000beb   Thumb Code    92  modbus.o(i.GetHoldingRegisters)
    GetInputRegisters                        0x08000c47   Thumb Code    12  modbus.o(i.GetInputRegisters)
    GetSWB                                   0x08000c53   Thumb Code    12  modbus.o(i.GetSWB)
    GetUpwr                                  0x08000c61   Thumb Code    32  myadc051.o(i.GetUpwr)
    InitDAC                                  0x08000c89   Thumb Code     6  mydac.o(i.InitDAC)
    InitDMACh                                0x08000c95   Thumb Code    18  mydma.o(i.InitDMACh)
    InitFPU1                                 0x08000ca9   Thumb Code   184  fpuart1_051.o(i.InitFPU1)
    InitIWDG                                 0x08000d89   Thumb Code    30  myiwdg.o(i.InitIWDG)
    InitModBus                               0x08000db1   Thumb Code   182  modbus.o(i.InitModBus)
    InitOC                                   0x08000e75   Thumb Code    90  mytimer.o(i.InitOC)
    InitSSEC                                 0x08000ed1   Thumb Code    82  ssec.o(i.InitSSEC)
    InitTimer                                0x08000f35   Thumb Code    26  mytimer.o(i.InitTimer)
    InitUSART                                0x08000f4f   Thumb Code   104  myuart.o(i.InitUSART)
    MBCanWrite                               0x08000fb7   Thumb Code     4  modbusparams.o(i.MBCanWrite)
    MBFindParam                              0x08000fbd   Thumb Code    90  modbus.o(i.MBFindParam)
    MB_Parse                                 0x0800101d   Thumb Code  1548  modbus.o(i.MB_Parse)
    MB_ResetCnt                              0x08001645   Thumb Code    40  modbus.o(i.MB_ResetCnt)
    ModBusProc                               0x08001691   Thumb Code   160  modbus.o(i.ModBusProc)
    ReinitFromHardDSt                        0x08001751   Thumb Code   132  mysettings.o(i.ReinitFromHardDSt)
    ResetDMAIF                               0x080017f5   Thumb Code    14  mydma.o(i.ResetDMAIF)
    SaveCopy                                 0x08001805   Thumb Code    94  mysettings.o(i.SaveCopy)
    SetDAC1                                  0x08001875   Thumb Code     6  mydac.o(i.SetDAC1)
    SetHoldingRegisters                      0x08001881   Thumb Code   176  modbus.o(i.SetHoldingRegisters)
    StartDMA                                 0x08001935   Thumb Code    10  mydma.o(i.StartDMA)
    StartIzm                                 0x08001941   Thumb Code    66  main.o(i.StartIzm)
    StartTimer                               0x0800199d   Thumb Code    10  mytimer.o(i.StartTimer)
    StopDMA                                  0x080019a7   Thumb Code    10  mydma.o(i.StopDMA)
    SysInit                                  0x080019b1   Thumb Code   144  main.o(i.SysInit)
    SystemCoreClockUpdate                    0x08001a4d   Thumb Code   154  system_f051.o(i.SystemCoreClockUpdate)
    SystemInit                               0x08001afd   Thumb Code   104  system_f051.o(i.SystemInit)
    TIM3_IRQHandler                          0x08001b71   Thumb Code    60  ssec.o(i.TIM3_IRQHandler)
    USART1_IRQHandler                        0x08001bbd   Thumb Code    72  fpuart1_051.o(i.USART1_IRQHandler)
    USART_DisableIRQ                         0x08001c11   Thumb Code    14  myuart.o(i.USART_DisableIRQ)
    USART_EnableIRQ                          0x08001c1f   Thumb Code    14  myuart.o(i.USART_EnableIRQ)
    __ARM_common_switch8                     0x08001c2d   Thumb Code    28  modbus.o(i.__ARM_common_switch8)
    getbyteFPU1                              0x08001c49   Thumb Code    56  fpuart1_051.o(i.getbyteFPU1)
    geterrFPU1                               0x08001c8d   Thumb Code    26  fpuart1_051.o(i.geterrFPU1)
    getssec                                  0x08001cad   Thumb Code     6  ssec.o(i.getssec)
    main                                     0x08001cb9   Thumb Code   774  main.o(i.main)
    numbyteFPU1                              0x08001fe1   Thumb Code    56  fpuart1_051.o(i.numbyteFPU1)
    sendpkgFPU1                              0x08002021   Thumb Code    74  fpuart1_051.o(i.sendpkgFPU1)
    tdlt                                     0x08002085   Thumb Code    10  ssec.o(i.tdlt)
    zgetssec                                 0x08002095   Thumb Code    12  ssec.o(i.zgetssec)
    HardDStMaster                            0x080020a4   Data           6  mysettings.o(.constdata)
    AHBPrescTable                            0x080020aa   Data          16  system_f051.o(.constdata)
    SlaveID                                  0x080020ba   Data          15  modbus.o(.constdata)
    szSlaveID                                0x080020c9   Data           1  modbus.o(.constdata)
    Region$$Table$$Base                      0x080020cc   Number         0  anon$$obj.o(Region$$Table)
    Region$$Table$$Limit                     0x080020ec   Number         0  anon$$obj.o(Region$$Table)
    adcrezflg                                0x20000000   Data           1  main.o(.data)
    DSt                                      0x20000004   Data           6  mysettings.o(.data)
    hssavetime                               0x2000000c   Data           4  mysettings.o(.data)
    RescueState                              0x20000010   Data           2  mysettings.o(.data)
    ssecpulse                                0x20000014   Data           4  ssec.o(.data)
    ssec                                     0x20000018   Data           4  ssec.o(.data)
    SystemCoreClock                          0x2000001c   Data           4  system_f051.o(.data)
    FPU1H_errflg                             0x20000020   Data           1  fpuart1_051.o(.data)
    FPU1H_onebyte                            0x20000024   Data           4  fpuart1_051.o(.data)
    FPU1H_bufpos                             0x20000028   Data           1  fpuart1_051.o(.data)
    getto                                    0x20000029   Data           1  fpuart1_051.o(.data)
    FPU1H_trst                               0x2000002a   Data           1  fpuart1_051.o(.data)
    FPU1H_trpnt                              0x2000002c   Data           4  fpuart1_051.o(.data)
    FPU1H_trlen                              0x20000030   Data           2  fpuart1_051.o(.data)
    mb_adr                                   0x20000034   Data           1  modbus.o(.data)
    lstMode                                  0x20000035   Data           1  modbus.o(.data)
    dReg                                     0x20000036   Data           2  modbus.o(.data)
    CNT0B                                    0x20000038   Data           2  modbus.o(.data)
    CNT0C                                    0x2000003a   Data           2  modbus.o(.data)
    CNT0D                                    0x2000003c   Data           2  modbus.o(.data)
    CNT0E                                    0x2000003e   Data           2  modbus.o(.data)
    CNT0F                                    0x20000040   Data           2  modbus.o(.data)
    CNT10                                    0x20000042   Data           2  modbus.o(.data)
    CNT11                                    0x20000044   Data           2  modbus.o(.data)
    CNT12                                    0x20000046   Data           2  modbus.o(.data)
    ecd                                      0x20000048   Data           1  modbus.o(.data)
    rdpkgpos                                 0x2000004a   Data           2  modbus.o(.data)
    gbtimeout                                0x2000004c   Data           4  modbus.o(.data)
    trpkgpos                                 0x20000050   Data           2  modbus.o(.data)
    hsv                                      0x20000052   Data           1  modbus.o(.data)
    mbs                                      0x20000054   Data         228  modbusparams.o(.data)
    adcdat                                   0x20000138   Data          20  main.o(.bss)
    FPU1H_buf                                0x2000014c   Data         128  fpuart1_051.o(.bss)
    rdpkg                                    0x200001cc   Data         257  modbus.o(.bss)
    trpkg                                    0x200002cd   Data         257  modbus.o(.bss)
    info                                     0x200003ce   Data          30  modbusparams.o(.bss)
    __libspace_start                         0x200003ec   Data          96  libspace.o(.bss)
    __temporary_stack_top$libspace           0x2000044c   Data           0  libspace.o(.bss)



==============================================================================

Memory Map of the image

  Image Entry point : 0x080000c1

  Load Region LR_IROM1 (Base: 0x08000000, Size: 0x00002224, Max: 0x0000f7ff, ABSOLUTE, COMPRESSED[0x0000215c])

    Execution Region ER_IROM1 (Exec base: 0x08000000, Load base: 0x08000000, Size: 0x000020ec, Max: 0x0000f7ff, ABSOLUTE)

    Exec Addr    Load Addr    Size         Type   Attr      Idx    E Section Name        Object

    0x08000000   0x08000000   0x000000c0   Data   RO          290    RESET               startup_stm32f0xx.o
    0x080000c0   0x080000c0   0x00000008   Code   RO         1041  * !!!main             c_p.l(__main.o)
    0x080000c8   0x080000c8   0x0000003c   Code   RO         1212    !!!scatter          c_p.l(__scatter.o)
    0x08000104   0x08000104   0x0000001c   Code   RO         1214    !!handler_zi        c_p.l(__scatter_zi.o)
    0x08000120   0x08000120   0x00000002   Code   RO         1079    .ARM.Collect$$libinit$$00000000  c_p.l(libinit.o)
    0x08000122   0x08000122   0x00000000   Code   RO         1093    .ARM.Collect$$libinit$$00000002  c_p.l(libinit2.o)
    0x08000122   0x08000122   0x00000000   Code   RO         1095    .ARM.Collect$$libinit$$00000004  c_p.l(libinit2.o)
    0x08000122   0x08000122   0x00000000   Code   RO         1098    .ARM.Collect$$libinit$$0000000A  c_p.l(libinit2.o)
    0x08000122   0x08000122   0x00000000   Code   RO         1100    .ARM.Collect$$libinit$$0000000C  c_p.l(libinit2.o)
    0x08000122   0x08000122   0x00000000   Code   RO         1102    .ARM.Collect$$libinit$$0000000E  c_p.l(libinit2.o)
    0x08000122   0x08000122   0x00000000   Code   RO         1105    .ARM.Collect$$libinit$$00000011  c_p.l(libinit2.o)
    0x08000122   0x08000122   0x00000000   Code   RO         1107    .ARM.Collect$$libinit$$00000013  c_p.l(libinit2.o)
    0x08000122   0x08000122   0x00000000   Code   RO         1109    .ARM.Collect$$libinit$$00000015  c_p.l(libinit2.o)
    0x08000122   0x08000122   0x00000000   Code   RO         1111    .ARM.Collect$$libinit$$00000017  c_p.l(libinit2.o)
    0x08000122   0x08000122   0x00000000   Code   RO         1113    .ARM.Collect$$libinit$$00000019  c_p.l(libinit2.o)
    0x08000122   0x08000122   0x00000000   Code   RO         1115    .ARM.Collect$$libinit$$0000001B  c_p.l(libinit2.o)
    0x08000122   0x08000122   0x00000000   Code   RO         1117    .ARM.Collect$$libinit$$0000001D  c_p.l(libinit2.o)
    0x08000122   0x08000122   0x00000000   Code   RO         1119    .ARM.Collect$$libinit$$0000001F  c_p.l(libinit2.o)
    0x08000122   0x08000122   0x00000000   Code   RO         1121    .ARM.Collect$$libinit$$00000021  c_p.l(libinit2.o)
    0x08000122   0x08000122   0x00000000   Code   RO         1123    .ARM.Collect$$libinit$$00000023  c_p.l(libinit2.o)
    0x08000122   0x08000122   0x00000000   Code   RO         1125    .ARM.Collect$$libinit$$00000025  c_p.l(libinit2.o)
    0x08000122   0x08000122   0x00000000   Code   RO         1129    .ARM.Collect$$libinit$$0000002C  c_p.l(libinit2.o)
    0x08000122   0x08000122   0x00000000   Code   RO         1131    .ARM.Collect$$libinit$$0000002E  c_p.l(libinit2.o)
    0x08000122   0x08000122   0x00000000   Code   RO         1133    .ARM.Collect$$libinit$$00000030  c_p.l(libinit2.o)
    0x08000122   0x08000122   0x00000000   Code   RO         1135    .ARM.Collect$$libinit$$00000032  c_p.l(libinit2.o)
    0x08000122   0x08000122   0x00000002   Code   RO         1136    .ARM.Collect$$libinit$$00000033  c_p.l(libinit2.o)
    0x08000124   0x08000124   0x00000002   Code   RO         1167    .ARM.Collect$$libshutdown$$00000000  c_p.l(libshutdown.o)
    0x08000126   0x08000126   0x00000000   Code   RO         1193    .ARM.Collect$$libshutdown$$00000002  c_p.l(libshutdown2.o)
    0x08000126   0x08000126   0x00000000   Code   RO         1195    .ARM.Collect$$libshutdown$$00000004  c_p.l(libshutdown2.o)
    0x08000126   0x08000126   0x00000000   Code   RO         1198    .ARM.Collect$$libshutdown$$00000007  c_p.l(libshutdown2.o)
    0x08000126   0x08000126   0x00000000   Code   RO         1201    .ARM.Collect$$libshutdown$$0000000A  c_p.l(libshutdown2.o)
    0x08000126   0x08000126   0x00000000   Code   RO         1203    .ARM.Collect$$libshutdown$$0000000C  c_p.l(libshutdown2.o)
    0x08000126   0x08000126   0x00000000   Code   RO         1206    .ARM.Collect$$libshutdown$$0000000F  c_p.l(libshutdown2.o)
    0x08000126   0x08000126   0x00000002   Code   RO         1207    .ARM.Collect$$libshutdown$$00000010  c_p.l(libshutdown2.o)
    0x08000128   0x08000128   0x00000000   Code   RO         1043    .ARM.Collect$$rtentry$$00000000  c_p.l(__rtentry.o)
    0x08000128   0x08000128   0x00000000   Code   RO         1049    .ARM.Collect$$rtentry$$00000002  c_p.l(__rtentry2.o)
    0x08000128   0x08000128   0x00000006   Code   RO         1061    .ARM.Collect$$rtentry$$00000004  c_p.l(__rtentry4.o)
    0x0800012e   0x0800012e   0x00000000   Code   RO         1051    .ARM.Collect$$rtentry$$00000009  c_p.l(__rtentry2.o)
    0x0800012e   0x0800012e   0x00000004   Code   RO         1052    .ARM.Collect$$rtentry$$0000000A  c_p.l(__rtentry2.o)
    0x08000132   0x08000132   0x00000000   Code   RO         1054    .ARM.Collect$$rtentry$$0000000C  c_p.l(__rtentry2.o)
    0x08000132   0x08000132   0x00000008   Code   RO         1055    .ARM.Collect$$rtentry$$0000000D  c_p.l(__rtentry2.o)
    0x0800013a   0x0800013a   0x00000002   Code   RO         1084    .ARM.Collect$$rtexit$$00000000  c_p.l(rtexit.o)
    0x0800013c   0x0800013c   0x00000000   Code   RO         1140    .ARM.Collect$$rtexit$$00000002  c_p.l(rtexit2.o)
    0x0800013c   0x0800013c   0x00000004   Code   RO         1141    .ARM.Collect$$rtexit$$00000003  c_p.l(rtexit2.o)
    0x08000140   0x08000140   0x00000006   Code   RO         1142    .ARM.Collect$$rtexit$$00000004  c_p.l(rtexit2.o)
    0x08000146   0x08000146   0x00000002   PAD
    0x08000148   0x08000148   0x00000038   Code   RO         1031    .emb_text           c_p.l(rt_memcpy.o)
    0x08000180   0x08000180   0x00000038   Code   RO          291    .text               startup_stm32f0xx.o
    0x080001b8   0x080001b8   0x00000044   Code   RO         1029    .text               c_p.l(strlen.o)
    0x080001fc   0x080001fc   0x00000082   Code   RO         1032    .text               c_p.l(rt_memcpy.o)
    0x0800027e   0x0800027e   0x0000015a   Code   RO         1035    .text               c_p.l(aeabi_sdiv.o)
    0x080003d8   0x080003d8   0x00000006   Code   RO         1039    .text               c_p.l(heapauxi.o)
    0x080003de   0x080003de   0x0000003e   Code   RO         1065    .text               c_p.l(sys_stackheap_outer.o)
    0x0800041c   0x0800041c   0x00000010   Code   RO         1068    .text               c_p.l(exit.o)
    0x0800042c   0x0800042c   0x00000008   Code   RO         1080    .text               c_p.l(libspace.o)
    0x08000434   0x08000434   0x0000000c   Code   RO         1137    .text               c_p.l(sys_exit.o)
    0x08000440   0x08000440   0x00000002   Code   RO         1156    .text               c_p.l(use_no_semi.o)
    0x08000442   0x08000442   0x00000000   Code   RO         1158    .text               c_p.l(indicate_semi.o)
    0x08000442   0x08000442   0x00000056   Code   RO         1210    .text               c_p.l(__dczerorl2.o)
    0x08000498   0x08000498   0x0000000c   Code   RO          821    i.ADC051Common      myadc051.o
    0x080004a4   0x080004a4   0x00000020   Code   RO          822    i.ADC051DeInit      myadc051.o
    0x080004c4   0x080004c4   0x00000022   Code   RO          823    i.ADC051Init        myadc051.o
    0x080004e6   0x080004e6   0x00000004   Code   RO          824    i.ADC051SelCh       myadc051.o
    0x080004ea   0x080004ea   0x0000002a   Code   RO          826    i.ADC051StartCal    myadc051.o
    0x08000514   0x08000514   0x0000002c   Code   RO          892    i.AddToTrPkg        modbus.o
    0x08000540   0x08000540   0x00000040   Code   RO          893    i.CalcCRC           modbus.o
    0x08000580   0x08000580   0x00000064   Code   RO          827    i.CalcT             myadc051.o
    0x080005e4   0x080005e4   0x0000005c   Code   RO          112    i.CheckSaveHardDSt  mysettings.o
    0x08000640   0x08000640   0x00000174   Code   RO            3    i.ConfigHW          main.o
    0x080007b4   0x080007b4   0x00000018   Code   RO            4    i.DMA1_Channel1_IRQHandler  main.o
    0x080007cc   0x080007cc   0x00000048   Code   RO          429    i.FLErasePage       myflash.o
    0x08000814   0x08000814   0x00000014   Code   RO          431    i.FLLock            myflash.o
    0x08000828   0x08000828   0x00000044   Code   RO          435    i.FLProgramWord     myflash.o
    0x0800086c   0x0800086c   0x00000024   Code   RO          436    i.FLUnlock          myflash.o
    0x08000890   0x08000890   0x00000014   Code   RO          438    i.FLWait            myflash.o
    0x080008a4   0x080008a4   0x000000d4   Code   RO          722    i.FPU1H_TimerInterrupt  fpuart1_051.o
    0x08000978   0x08000978   0x00000030   Code   RO          723    i.FPU1H_settoc      fpuart1_051.o
    0x080009a8   0x080009a8   0x00000016   Code   RO          506    i.GGetPin           mygpio.o
    0x080009be   0x080009be   0x0000000a   Code   RO          509    i.GResetPin         mygpio.o
    0x080009c8   0x080009c8   0x00000008   Code   RO          511    i.GSetPin           mygpio.o
    0x080009d0   0x080009d0   0x000000d4   Code   RO          512    i.GSetPinToAF       mygpio.o
    0x08000aa4   0x08000aa4   0x00000018   Code   RO          513    i.GSetPinToAnalog   mygpio.o
    0x08000abc   0x08000abc   0x0000008c   Code   RO          514    i.GSetPinToInput    mygpio.o
    0x08000b48   0x08000b48   0x0000009c   Code   RO          515    i.GSetPinToOutput   mygpio.o
    0x08000be4   0x08000be4   0x00000006   Code   RO          330    i.GetCNDTR          mydma.o
    0x08000bea   0x08000bea   0x0000005c   Code   RO          894    i.GetHoldingRegisters  modbus.o
    0x08000c46   0x08000c46   0x0000000c   Code   RO          895    i.GetInputRegisters  modbus.o
    0x08000c52   0x08000c52   0x0000000c   Code   RO          896    i.GetSWB            modbus.o
    0x08000c5e   0x08000c5e   0x00000002   PAD
    0x08000c60   0x08000c60   0x00000028   Code   RO          829    i.GetUpwr           myadc051.o
    0x08000c88   0x08000c88   0x0000000c   Code   RO          297    i.InitDAC           mydac.o
    0x08000c94   0x08000c94   0x00000012   Code   RO          331    i.InitDMACh         mydma.o
    0x08000ca6   0x08000ca6   0x00000002   PAD
    0x08000ca8   0x08000ca8   0x000000e0   Code   RO          724    i.InitFPU1          fpuart1_051.o
    0x08000d88   0x08000d88   0x00000028   Code   RO          611    i.InitIWDG          myiwdg.o
    0x08000db0   0x08000db0   0x000000c4   Code   RO          897    i.InitModBus        modbus.o
    0x08000e74   0x08000e74   0x0000005a   Code   RO          640    i.InitOC            mytimer.o
    0x08000ece   0x08000ece   0x00000002   PAD
    0x08000ed0   0x08000ed0   0x00000064   Code   RO          194    i.InitSSEC          ssec.o
    0x08000f34   0x08000f34   0x0000001a   Code   RO          641    i.InitTimer         mytimer.o
    0x08000f4e   0x08000f4e   0x00000068   Code   RO          682    i.InitUSART         myuart.o
    0x08000fb6   0x08000fb6   0x00000004   Code   RO          992    i.MBCanWrite        modbusparams.o
    0x08000fba   0x08000fba   0x00000002   PAD
    0x08000fbc   0x08000fbc   0x00000060   Code   RO          898    i.MBFindParam       modbus.o
    0x0800101c   0x0800101c   0x00000628   Code   RO          899    i.MB_Parse          modbus.o
    0x08001644   0x08001644   0x0000004c   Code   RO          900    i.MB_ResetCnt       modbus.o
    0x08001690   0x08001690   0x000000c0   Code   RO          901    i.ModBusProc        modbus.o
    0x08001750   0x08001750   0x000000a4   Code   RO          113    i.ReinitFromHardDSt  mysettings.o
    0x080017f4   0x080017f4   0x0000000e   Code   RO          332    i.ResetDMAIF        mydma.o
    0x08001802   0x08001802   0x00000002   PAD
    0x08001804   0x08001804   0x00000070   Code   RO          114    i.SaveCopy          mysettings.o
    0x08001874   0x08001874   0x0000000c   Code   RO          298    i.SetDAC1           mydac.o
    0x08001880   0x08001880   0x000000b4   Code   RO          902    i.SetHoldingRegisters  modbus.o
    0x08001934   0x08001934   0x0000000a   Code   RO          333    i.StartDMA          mydma.o
    0x0800193e   0x0800193e   0x00000002   PAD
    0x08001940   0x08001940   0x0000005c   Code   RO            5    i.StartIzm          main.o
    0x0800199c   0x0800199c   0x0000000a   Code   RO          642    i.StartTimer        mytimer.o
    0x080019a6   0x080019a6   0x0000000a   Code   RO          334    i.StopDMA           mydma.o
    0x080019b0   0x080019b0   0x0000009c   Code   RO            6    i.SysInit           main.o
    0x08001a4c   0x08001a4c   0x000000b0   Code   RO          256    i.SystemCoreClockUpdate  system_f051.o
    0x08001afc   0x08001afc   0x00000074   Code   RO          257    i.SystemInit        system_f051.o
    0x08001b70   0x08001b70   0x0000004c   Code   RO          195    i.TIM3_IRQHandler   ssec.o
    0x08001bbc   0x08001bbc   0x00000054   Code   RO          725    i.USART1_IRQHandler  fpuart1_051.o
    0x08001c10   0x08001c10   0x0000000e   Code   RO          683    i.USART_DisableIRQ  myuart.o
    0x08001c1e   0x08001c1e   0x0000000e   Code   RO          684    i.USART_EnableIRQ   myuart.o
    0x08001c2c   0x08001c2c   0x0000001c   Code   RO          972    i.__ARM_common_switch8  modbus.o
    0x08001c48   0x08001c48   0x00000044   Code   RO          727    i.getbyteFPU1       fpuart1_051.o
    0x08001c8c   0x08001c8c   0x00000020   Code   RO          728    i.geterrFPU1        fpuart1_051.o
    0x08001cac   0x08001cac   0x0000000c   Code   RO          196    i.getssec           ssec.o
    0x08001cb8   0x08001cb8   0x00000328   Code   RO            7    i.main              main.o
    0x08001fe0   0x08001fe0   0x00000040   Code   RO          731    i.numbyteFPU1       fpuart1_051.o
    0x08002020   0x08002020   0x00000064   Code   RO          732    i.sendpkgFPU1       fpuart1_051.o
    0x08002084   0x08002084   0x00000010   Code   RO          197    i.tdlt              ssec.o
    0x08002094   0x08002094   0x00000010   Code   RO          198    i.zgetssec          ssec.o
    0x080020a4   0x080020a4   0x00000006   Data   RO          119    .constdata          mysettings.o
    0x080020aa   0x080020aa   0x00000010   Data   RO          258    .constdata          system_f051.o
    0x080020ba   0x080020ba   0x00000010   Data   RO          904    .constdata          modbus.o
    0x080020ca   0x080020ca   0x00000002   PAD
    0x080020cc   0x080020cc   0x00000020   Data   RO         1208    Region$$Table       anon$$obj.o


    Execution Region RW_IRAM1 (Exec base: 0x20000000, Load base: 0x080020ec, Size: 0x00000c50, Max: 0x00002000, ABSOLUTE, COMPRESSED[0x00000070])

    Exec Addr    Load Addr    Size         Type   Attr      Idx    E Section Name        Object

    0x20000000   COMPRESSED   0x00000001   Data   RW            9    .data               main.o
    0x20000001   COMPRESSED   0x00000003   PAD
    0x20000004   COMPRESSED   0x0000000e   Data   RW          120    .data               mysettings.o
    0x20000012   COMPRESSED   0x00000002   PAD
    0x20000014   COMPRESSED   0x00000008   Data   RW          199    .data               ssec.o
    0x2000001c   COMPRESSED   0x00000004   Data   RW          259    .data               system_f051.o
    0x20000020   COMPRESSED   0x00000012   Data   RW          734    .data               fpuart1_051.o
    0x20000032   COMPRESSED   0x00000002   PAD
    0x20000034   COMPRESSED   0x0000001f   Data   RW          905    .data               modbus.o
    0x20000053   COMPRESSED   0x00000001   PAD
    0x20000054   COMPRESSED   0x000000e4   Data   RW          994    .data               modbusparams.o
    0x20000138        -       0x00000014   Zero   RW            8    .bss                main.o
    0x2000014c        -       0x00000080   Zero   RW          733    .bss                fpuart1_051.o
    0x200001cc        -       0x00000202   Zero   RW          903    .bss                modbus.o
    0x200003ce        -       0x0000001e   Zero   RW          993    .bss                modbusparams.o
    0x200003ec        -       0x00000060   Zero   RW         1081    .bss                c_p.l(libspace.o)
    0x2000044c   COMPRESSED   0x00000004   PAD
    0x20000450        -       0x00000200   Zero   RW          289    HEAP                startup_stm32f0xx.o
    0x20000650        -       0x00000600   Zero   RW          288    STACK               startup_stm32f0xx.o



  Load Region LR$$.ARM.__AT_0x0000F800 (Base: 0x0000f800, Size: 0x00000000, Max: 0x00000008, ABSOLUTE)

    Execution Region ER$$.ARM.__AT_0x0000F800 (Exec base: 0x0000f800, Load base: 0x0000f800, Size: 0x00000008, Max: 0x00000008, ABSOLUTE, UNINIT)

    Exec Addr    Load Addr    Size         Type   Attr      Idx    E Section Name        Object

    0x0000f800        -       0x00000006   Zero   RW          115    .ARM.__AT_0x0000F800  mysettings.o



  Load Region LR$$.ARM.__AT_0x0000FB00 (Base: 0x0000fb00, Size: 0x00000000, Max: 0x00000004, ABSOLUTE)

    Execution Region ER$$.ARM.__AT_0x0000FB00 (Exec base: 0x0000fb00, Load base: 0x0000fb00, Size: 0x00000004, Max: 0x00000004, ABSOLUTE, UNINIT)

    Exec Addr    Load Addr    Size         Type   Attr      Idx    E Section Name        Object

    0x0000fb00        -       0x00000002   Zero   RW          116    .ARM.__AT_0x0000FB00  mysettings.o



  Load Region LR$$.ARM.__AT_0x0000FC00 (Base: 0x0000fc00, Size: 0x00000000, Max: 0x00000008, ABSOLUTE)

    Execution Region ER$$.ARM.__AT_0x0000FC00 (Exec base: 0x0000fc00, Load base: 0x0000fc00, Size: 0x00000008, Max: 0x00000008, ABSOLUTE, UNINIT)

    Exec Addr    Load Addr    Size         Type   Attr      Idx    E Section Name        Object

    0x0000fc00        -       0x00000006   Zero   RW          117    .ARM.__AT_0x0000FC00  mysettings.o



  Load Region LR$$.ARM.__AT_0x0000FF00 (Base: 0x0000ff00, Size: 0x00000000, Max: 0x00000004, ABSOLUTE)

    Execution Region ER$$.ARM.__AT_0x0000FF00 (Exec base: 0x0000ff00, Load base: 0x0000ff00, Size: 0x00000004, Max: 0x00000004, ABSOLUTE, UNINIT)

    Exec Addr    Load Addr    Size         Type   Attr      Idx    E Section Name        Object

    0x0000ff00        -       0x00000002   Zero   RW          118    .ARM.__AT_0x0000FF00  mysettings.o


==============================================================================

Image component sizes


      Code (inc. data)   RO Data    RW Data    ZI Data      Debug   Object Name

       832        146          0         18        128      11489   fpuart1_051.o
      1452        112          0          1         20     233693   main.o
      2568        230         16         31        514       9603   modbus.o
         4          0          0        228         30       1892   modbusparams.o
       264         24          0          0          0       4280   myadc051.o
        24         12          0          0          0        776   mydac.o
        58          0          0          0          0       2525   mydma.o
       216         38          0          0          0       2059   myflash.o
       572         16          0          0          0     223431   mygpio.o
        40         10          0          0          0        435   myiwdg.o
       368         72          6         14         16     221753   mysettings.o
       126          0          0          0          0       1834   mytimer.o
       132          0          0          0          0       2001   myuart.o
       220         50          0          8          0       8590   ssec.o
        56         26        192          0       2048        580   startup_stm32f0xx.o
       292         34         16          4          0       1485   system_f051.o

    ----------------------------------------------------------------------
      7236        770        264        312       2764     726426   Object Totals
         0          0         32          0          0          0   (incl. Generated)
        12          0          2          8          8          0   (incl. Padding)

    ----------------------------------------------------------------------

      Code (inc. data)   RO Data    RW Data    ZI Data      Debug   Library Member Name

        86          0          0          0          0          0   __dczerorl2.o
         8          0          0          0          0         68   __main.o
         0          0          0          0          0          0   __rtentry.o
        12          0          0          0          0          0   __rtentry2.o
         6          0          0          0          0          0   __rtentry4.o
        60          8          0          0          0          0   __scatter.o
        28          0          0          0          0          0   __scatter_zi.o
       346          0          0          0          0         92   aeabi_sdiv.o
        16          0          0          0          0         68   exit.o
         6          0          0          0          0        136   heapauxi.o
         0          0          0          0          0          0   indicate_semi.o
         2          0          0          0          0          0   libinit.o
         2          0          0          0          0          0   libinit2.o
         2          0          0          0          0          0   libshutdown.o
         2          0          0          0          0          0   libshutdown2.o
         8          4          0          0         96         68   libspace.o
       186          0          0          0          0        144   rt_memcpy.o
         2          0          0          0          0          0   rtexit.o
        10          0          0          0          0          0   rtexit2.o
        68          6          0          0          0         72   strlen.o
        12          4          0          0          0         60   sys_exit.o
        62          0          0          0          0         80   sys_stackheap_outer.o
         2          0          0          0          0         68   use_no_semi.o

    ----------------------------------------------------------------------
       928         22          0          0        100        856   Library Totals
         2          0          0          0          4          0   (incl. Padding)

    ----------------------------------------------------------------------

      Code (inc. data)   RO Data    RW Data    ZI Data      Debug   Library Name

       926         22          0          0         96        856   c_p.l

    ----------------------------------------------------------------------
       928         22          0          0        100        856   Library Totals

    ----------------------------------------------------------------------

==============================================================================


      Code (inc. data)   RO Data    RW Data    ZI Data      Debug   

      8164        792        264        312       2864     724098   Grand Totals
      8164        792        264        112       2864     724098   ELF Image Totals (compressed)
      8164        792        264        112          0          0   ROM Totals

==============================================================================

    Total RO  Size (Code + RO Data)                 8428 (   8.23kB)
    Total RW  Size (RW Data + ZI Data)              3176 (   3.10kB)
    Total ROM Size (Code + RO Data + RW Data)       8540 (   8.34kB)

==============================================================================

